Archive member included to satisfy reference by file (symbol)

/usr/lib/gcc/arm-none-eabi/10.3.1/thumb/v6-m/nofp/libgcc.a(_dvmd_tls.o)
                              CMakeFiles/usb2serial.dir/home/ceco/pico/pico-sdk/src/rp2_common/pico_divider/divider.S.obj (__aeabi_idiv0)
/usr/lib/gcc/arm-none-eabi/10.3.1/../../../arm-none-eabi/lib/thumb/v6-m/nofp/libc.a(lib_a-atexit.o)
                              /usr/lib/gcc/arm-none-eabi/10.3.1/../../../arm-none-eabi/lib/thumb/v6-m/nofp/crt0.o (atexit)
/usr/lib/gcc/arm-none-eabi/10.3.1/../../../arm-none-eabi/lib/thumb/v6-m/nofp/libc.a(lib_a-calloc.o)
                              CMakeFiles/usb2serial.dir/home/ceco/pico/pico-sdk/src/rp2_common/pico_malloc/pico_malloc.c.obj (calloc)
/usr/lib/gcc/arm-none-eabi/10.3.1/../../../arm-none-eabi/lib/thumb/v6-m/nofp/libc.a(lib_a-callocr.o)
                              /usr/lib/gcc/arm-none-eabi/10.3.1/../../../arm-none-eabi/lib/thumb/v6-m/nofp/libc.a(lib_a-calloc.o) (_calloc_r)
/usr/lib/gcc/arm-none-eabi/10.3.1/../../../arm-none-eabi/lib/thumb/v6-m/nofp/libc.a(lib_a-fini.o)
                              /usr/lib/gcc/arm-none-eabi/10.3.1/../../../arm-none-eabi/lib/thumb/v6-m/nofp/crt0.o (__libc_fini_array)
/usr/lib/gcc/arm-none-eabi/10.3.1/../../../arm-none-eabi/lib/thumb/v6-m/nofp/libc.a(lib_a-impure.o)
                              /usr/lib/gcc/arm-none-eabi/10.3.1/../../../arm-none-eabi/lib/thumb/v6-m/nofp/libc.a(lib_a-calloc.o) (_impure_ptr)
/usr/lib/gcc/arm-none-eabi/10.3.1/../../../arm-none-eabi/lib/thumb/v6-m/nofp/libc.a(lib_a-init.o)
                              /usr/lib/gcc/arm-none-eabi/10.3.1/../../../arm-none-eabi/lib/thumb/v6-m/nofp/crt0.o (__libc_init_array)
/usr/lib/gcc/arm-none-eabi/10.3.1/../../../arm-none-eabi/lib/thumb/v6-m/nofp/libc.a(lib_a-malloc.o)
                              CMakeFiles/usb2serial.dir/home/ceco/pico/pico-sdk/src/rp2_common/pico_malloc/pico_malloc.c.obj (malloc)
/usr/lib/gcc/arm-none-eabi/10.3.1/../../../arm-none-eabi/lib/thumb/v6-m/nofp/libc.a(lib_a-mallocr.o)
                              /usr/lib/gcc/arm-none-eabi/10.3.1/../../../arm-none-eabi/lib/thumb/v6-m/nofp/libc.a(lib_a-callocr.o) (_malloc_r)
/usr/lib/gcc/arm-none-eabi/10.3.1/../../../arm-none-eabi/lib/thumb/v6-m/nofp/libc.a(lib_a-mlock.o)
                              /usr/lib/gcc/arm-none-eabi/10.3.1/../../../arm-none-eabi/lib/thumb/v6-m/nofp/libc.a(lib_a-mallocr.o) (__malloc_lock)
/usr/lib/gcc/arm-none-eabi/10.3.1/../../../arm-none-eabi/lib/thumb/v6-m/nofp/libc.a(lib_a-realloc.o)
                              CMakeFiles/usb2serial.dir/home/ceco/pico/pico-sdk/src/rp2_common/pico_malloc/pico_malloc.c.obj (realloc)
/usr/lib/gcc/arm-none-eabi/10.3.1/../../../arm-none-eabi/lib/thumb/v6-m/nofp/libc.a(lib_a-reallocr.o)
                              /usr/lib/gcc/arm-none-eabi/10.3.1/../../../arm-none-eabi/lib/thumb/v6-m/nofp/libc.a(lib_a-realloc.o) (_realloc_r)
/usr/lib/gcc/arm-none-eabi/10.3.1/../../../arm-none-eabi/lib/thumb/v6-m/nofp/libc.a(lib_a-sbrkr.o)
                              /usr/lib/gcc/arm-none-eabi/10.3.1/../../../arm-none-eabi/lib/thumb/v6-m/nofp/libc.a(lib_a-mallocr.o) (_sbrk_r)
/usr/lib/gcc/arm-none-eabi/10.3.1/../../../arm-none-eabi/lib/thumb/v6-m/nofp/libc.a(lib_a-strlen-stub.o)
                              CMakeFiles/usb2serial.dir/home/ceco/pico/pico-sdk/src/rp2_common/pico_stdio/stdio.c.obj (strlen)
/usr/lib/gcc/arm-none-eabi/10.3.1/../../../arm-none-eabi/lib/thumb/v6-m/nofp/libc.a(lib_a-__atexit.o)
                              /usr/lib/gcc/arm-none-eabi/10.3.1/../../../arm-none-eabi/lib/thumb/v6-m/nofp/libc.a(lib_a-atexit.o) (__register_exitproc)
/usr/lib/gcc/arm-none-eabi/10.3.1/../../../arm-none-eabi/lib/thumb/v6-m/nofp/libc.a(lib_a-freer.o)
                              /usr/lib/gcc/arm-none-eabi/10.3.1/../../../arm-none-eabi/lib/thumb/v6-m/nofp/libc.a(lib_a-malloc.o) (_free_r)
/usr/lib/gcc/arm-none-eabi/10.3.1/../../../arm-none-eabi/lib/thumb/v6-m/nofp/libc.a(lib_a-memmove.o)
                              /usr/lib/gcc/arm-none-eabi/10.3.1/../../../arm-none-eabi/lib/thumb/v6-m/nofp/libc.a(lib_a-reallocr.o) (memmove)
/usr/lib/gcc/arm-none-eabi/10.3.1/../../../arm-none-eabi/lib/thumb/v6-m/nofp/libc.a(lib_a-reent.o)
                              /usr/lib/gcc/arm-none-eabi/10.3.1/../../../arm-none-eabi/lib/thumb/v6-m/nofp/libc.a(lib_a-sbrkr.o) (errno)

Discarded input sections

 .text          0x0000000000000000        0x0 /usr/lib/gcc/arm-none-eabi/10.3.1/thumb/v6-m/nofp/crti.o
 .data          0x0000000000000000        0x0 /usr/lib/gcc/arm-none-eabi/10.3.1/thumb/v6-m/nofp/crti.o
 .bss           0x0000000000000000        0x0 /usr/lib/gcc/arm-none-eabi/10.3.1/thumb/v6-m/nofp/crti.o
 .data          0x0000000000000000        0x4 /usr/lib/gcc/arm-none-eabi/10.3.1/thumb/v6-m/nofp/crtbegin.o
 .rodata        0x0000000000000000       0x24 /usr/lib/gcc/arm-none-eabi/10.3.1/thumb/v6-m/nofp/crtbegin.o
 .fini_array    0x0000000000000000        0x4 /usr/lib/gcc/arm-none-eabi/10.3.1/thumb/v6-m/nofp/crtbegin.o
[...]
Memory Configuration

Name             Origin             Length             Attributes
FLASH            0x0000000010000000 0x0000000000200000 xr
RAM              0x0000000020000000 0x0000000000040000 xrw
SCRATCH_X        0x0000000020040000 0x0000000000001000 xrw
SCRATCH_Y        0x0000000020041000 0x0000000000001000 xrw
*default*        0x0000000000000000 0xffffffffffffffff

Linker script and memory map

LOAD /usr/lib/gcc/arm-none-eabi/10.3.1/thumb/v6-m/nofp/crti.o
LOAD /usr/lib/gcc/arm-none-eabi/10.3.1/thumb/v6-m/nofp/crtbegin.o
LOAD /usr/lib/gcc/arm-none-eabi/10.3.1/../../../arm-none-eabi/lib/thumb/v6-m/nofp/crt0.o

.flash_begin    0x0000000010000000        0x0
                0x0000000010000000                __flash_binary_start = .

.boot2          0x0000000010000000      0x100
                0x0000000010000000                __boot2_start__ = .
 *(.boot2)
 .boot2         0x0000000010000000      0x100 /tmp/ccVgD5VE.o
                0x0000000010000100                __boot2_end__ = .
                0x0000000000000001                ASSERT (((__boot2_end__ - __boot2_start__) == 0x100), ERROR: Pico second stage bootloader must be 256 bytes in size)

.text           0x0000000010000100     0x7a30
                0x0000000010000100                __logical_binary_start = .
 *(.vectors)
 .vectors       0x0000000010000100       0xd4 CMakeFiles/usb2serial.dir/home/ceco/pico/pico-sdk/src/rp2_common/pico_standard_link/crt0.S.obj
                0x0000000010000100                __vectors
                0x0000000010000100                __VECTOR_TABLE
                0x00000000100001c0                isr_invalid
                0x00000000100001c0                __default_isrs_start
                0x00000000100001c2                isr_nmi
                0x00000000100001c4                isr_hardfault
                0x00000000100001c6                isr_svcall
                0x00000000100001c8                isr_pendsv
                0x00000000100001ca                isr_systick
                0x00000000100001cc                isr_irq30
                0x00000000100001cc                __unhandled_user_irq
                0x00000000100001cc                isr_irq13
                0x00000000100001cc                isr_irq27
                0x00000000100001cc                isr_irq31
                0x00000000100001cc                isr_irq5
                0x00000000100001cc                isr_irq11
                0x00000000100001cc                isr_irq23
                0x00000000100001cc                isr_irq18
                0x00000000100001cc                isr_irq28
                0x00000000100001cc                isr_irq19
                0x00000000100001cc                isr_irq0
                0x00000000100001cc                isr_irq6
                0x00000000100001cc                isr_irq22
                0x00000000100001cc                isr_irq17
                0x00000000100001cc                isr_irq14
                0x00000000100001cc                isr_irq2
                0x00000000100001cc                isr_irq10
                0x00000000100001cc                isr_irq8
                0x00000000100001cc                isr_irq24
                0x00000000100001cc                isr_irq1
                0x00000000100001cc                isr_irq7
                0x00000000100001cc                isr_irq21
                0x00000000100001cc                isr_irq20
                0x00000000100001cc                isr_irq15
                0x00000000100001cc                isr_irq25
                0x00000000100001cc                isr_irq4
                0x00000000100001cc                isr_irq16
                0x00000000100001cc                isr_irq29
                0x00000000100001cc                isr_irq26
                0x00000000100001cc                __default_isrs_end
                0x00000000100001cc                isr_irq3
                0x00000000100001cc                isr_irq12
                0x00000000100001cc                isr_irq9
                0x00000000100001d2                unhandled_user_irq_num_in_r0
 *(.binary_info_header)
 .binary_info_header
                0x00000000100001d4       0x14 CMakeFiles/usb2serial.dir/home/ceco/pico/pico-sdk/src/rp2_common/pico_standard_link/crt0.S.obj
                0x00000000100001e8                __binary_info_header_end = .
 *(.reset)
 .reset         0x00000000100001e8       0xa0 CMakeFiles/usb2serial.dir/home/ceco/pico/pico-sdk/src/rp2_common/pico_standard_link/crt0.S.obj
                0x00000000100001e8                _entry_point
 .reset         0x0000000010000288       0x30 CMakeFiles/usb2serial.dir/home/ceco/pico/pico-sdk/src/rp2_common/pico_standard_link/binary_info.c.obj
 *(.init)
 .init          0x00000000100002b8        0x4 /usr/lib/gcc/arm-none-eabi/10.3.1/thumb/v6-m/nofp/crti.o
                0x00000000100002b8                _init
 *(EXCLUDE_FILE(*libm.a: *libc.a:*lib_a-mem*.o *libgcc.a:) .text*)
 .text          0x00000000100002bc       0x98 /usr/lib/gcc/arm-none-eabi/10.3.1/thumb/v6-m/nofp/crtbegin.o
 .text.tuh_hid_mount_cb
                0x0000000010000354       0x5c CMakeFiles/usb2serial.dir/usb2serial.c.obj
                0x0000000010000354                tuh_hid_mount_cb
 .text.tuh_hid_umount_cb
                0x00000000100003b0       0x14 CMakeFiles/usb2serial.dir/usb2serial.c.obj
                0x00000000100003b0                tuh_hid_umount_cb
 .text.tuh_hid_report_received_cb
                0x00000000100003c4       0x80 CMakeFiles/usb2serial.dir/usb2serial.c.obj
                0x00000000100003c4                tuh_hid_report_received_cb
 .text.startup.main
                0x0000000010000444       0x38 CMakeFiles/usb2serial.dir/usb2serial.c.obj
                0x0000000010000444                main
 .text.gpio_set_function
                0x000000001000047c       0x30 CMakeFiles/usb2serial.dir/home/ceco/pico/pico-sdk/src/rp2_common/hardware_gpio/gpio.c.obj
                0x000000001000047c                gpio_set_function
 .text.gpio_init
                0x00000000100004ac       0x3c CMakeFiles/usb2serial.dir/home/ceco/pico/pico-sdk/src/rp2_common/hardware_gpio/gpio.c.obj
                0x00000000100004ac                gpio_init
 .text.running_on_fpga
                0x00000000100004e8       0x10 CMakeFiles/usb2serial.dir/home/ceco/pico/pico-sdk/src/rp2_common/pico_platform/platform.c.obj
                0x00000000100004e8                running_on_fpga
 .text.hw_claim_or_assert
                0x00000000100004f8       0x44 CMakeFiles/usb2serial.dir/home/ceco/pico/pico-sdk/src/rp2_common/hardware_claim/claim.c.obj
                0x00000000100004f8                hw_claim_or_assert
 .text.hw_claim_unused_from_range
                0x000000001000053c       0x9c CMakeFiles/usb2serial.dir/home/ceco/pico/pico-sdk/src/rp2_common/hardware_claim/claim.c.obj
                0x000000001000053c                hw_claim_unused_from_range
 .text.spin_locks_reset
                0x00000000100005d8       0x1c CMakeFiles/usb2serial.dir/home/ceco/pico/pico-sdk/src/rp2_common/hardware_sync/sync.c.obj
                0x00000000100005d8                spin_locks_reset
 .text.next_striped_spin_lock_num
                0x00000000100005f4       0x18 CMakeFiles/usb2serial.dir/home/ceco/pico/pico-sdk/src/rp2_common/hardware_sync/sync.c.obj
                0x00000000100005f4                next_striped_spin_lock_num
 .text.spin_lock_claim_unused
                0x000000001000060c       0x20 CMakeFiles/usb2serial.dir/home/ceco/pico/pico-sdk/src/rp2_common/hardware_sync/sync.c.obj
                0x000000001000060c                spin_lock_claim_unused
 .text.irq_set_enabled
                0x000000001000062c       0x24 CMakeFiles/usb2serial.dir/home/ceco/pico/pico-sdk/src/rp2_common/hardware_irq/irq.c.obj
                0x000000001000062c                irq_set_enabled
 .text.irq_get_vtable_handler
                0x0000000010000650       0x10 CMakeFiles/usb2serial.dir/home/ceco/pico/pico-sdk/src/rp2_common/hardware_irq/irq.c.obj
                0x0000000010000650                irq_get_vtable_handler
 .text.irq_set_exclusive_handler
                0x0000000010000660       0x54 CMakeFiles/usb2serial.dir/home/ceco/pico/pico-sdk/src/rp2_common/hardware_irq/irq.c.obj
                0x0000000010000660                irq_set_exclusive_handler
 .text.irq_add_shared_handler
                0x00000000100006b4      0x1e8 CMakeFiles/usb2serial.dir/home/ceco/pico/pico-sdk/src/rp2_common/hardware_irq/irq.c.obj
                0x00000000100006b4                irq_add_shared_handler
 .text.irq_remove_handler
                0x000000001000089c      0x1b0 CMakeFiles/usb2serial.dir/home/ceco/pico/pico-sdk/src/rp2_common/hardware_irq/irq.c.obj
                0x000000001000089c                irq_remove_handler
 .text.irq_add_tail_to_free_list
                0x0000000010000a4c       0xb4 CMakeFiles/usb2serial.dir/home/ceco/pico/pico-sdk/src/rp2_common/hardware_irq/irq.c.obj
                0x0000000010000a4c                irq_add_tail_to_free_list
 .text.irq_init_priorities
                0x0000000010000b00       0x24 CMakeFiles/usb2serial.dir/home/ceco/pico/pico-sdk/src/rp2_common/hardware_irq/irq.c.obj
                0x0000000010000b00                irq_init_priorities
 .text.lock_init
                0x0000000010000b24       0x10 CMakeFiles/usb2serial.dir/home/ceco/pico/pico-sdk/src/common/pico_sync/lock_core.c.obj
                0x0000000010000b24                lock_init
 .text.mutex_init
                0x0000000010000b34       0x1c CMakeFiles/usb2serial.dir/home/ceco/pico/pico-sdk/src/common/pico_sync/mutex.c.obj
                0x0000000010000b34                mutex_init
 .text.recursive_mutex_init
                0x0000000010000b50       0x1c CMakeFiles/usb2serial.dir/home/ceco/pico/pico-sdk/src/common/pico_sync/mutex.c.obj
                0x0000000010000b50                recursive_mutex_init
 .text.critical_section_init
                0x0000000010000b6c       0x20 CMakeFiles/usb2serial.dir/home/ceco/pico/pico-sdk/src/common/pico_sync/critical_section.c.obj
                0x0000000010000b6c                critical_section_init
 .text.timer_pool_entry_comparator
                0x0000000010000b8c       0x34 CMakeFiles/usb2serial.dir/home/ceco/pico/pico-sdk/src/common/pico_time/time.c.obj
                0x0000000010000b8c                timer_pool_entry_comparator
 .text.sleep_until_callback
                0x0000000010000bc0       0x30 CMakeFiles/usb2serial.dir/home/ceco/pico/pico-sdk/src/common/pico_time/time.c.obj
 .text.add_alarm_under_lock.isra.0
                0x0000000010000bf0      0x100 CMakeFiles/usb2serial.dir/home/ceco/pico/pico-sdk/src/common/pico_time/time.c.obj
 .text.alarm_pool_alarm_callback
                0x0000000010000cf0      0x1bc CMakeFiles/usb2serial.dir/home/ceco/pico/pico-sdk/src/common/pico_time/time.c.obj
 .text.alarm_pool_init_default
                0x0000000010000eac       0x6c CMakeFiles/usb2serial.dir/home/ceco/pico/pico-sdk/src/common/pico_time/time.c.obj
                0x0000000010000eac                alarm_pool_init_default
 .text.alarm_pool_add_alarm_at
                0x0000000010000f18      0x178 CMakeFiles/usb2serial.dir/home/ceco/pico/pico-sdk/src/common/pico_time/time.c.obj
                0x0000000010000f18                alarm_pool_add_alarm_at
 .text.sleep_until
                0x0000000010001090       0xc4 CMakeFiles/usb2serial.dir/home/ceco/pico/pico-sdk/src/common/pico_time/time.c.obj
                0x0000000010001090                sleep_until
 .text.sleep_ms
                0x0000000010001154       0x34 CMakeFiles/usb2serial.dir/home/ceco/pico/pico-sdk/src/common/pico_time/time.c.obj
                0x0000000010001154                sleep_ms
 .text.best_effort_wfe_or_timeout
                0x0000000010001188       0xd4 CMakeFiles/usb2serial.dir/home/ceco/pico/pico-sdk/src/common/pico_time/time.c.obj
                0x0000000010001188                best_effort_wfe_or_timeout
 .text.hardware_alarm_irq_handler
                0x000000001000125c       0xbc CMakeFiles/usb2serial.dir/home/ceco/pico/pico-sdk/src/rp2_common/hardware_timer/timer.c.obj
 .text.hardware_alarm_claim
                0x0000000010001318       0x18 CMakeFiles/usb2serial.dir/home/ceco/pico/pico-sdk/src/rp2_common/hardware_timer/timer.c.obj
                0x0000000010001318                hardware_alarm_claim
 .text.time_us_64
                0x0000000010001330       0x14 CMakeFiles/usb2serial.dir/home/ceco/pico/pico-sdk/src/rp2_common/hardware_timer/timer.c.obj
                0x0000000010001330                time_us_64
 .text.busy_wait_us
                0x0000000010001344       0x54 CMakeFiles/usb2serial.dir/home/ceco/pico/pico-sdk/src/rp2_common/hardware_timer/timer.c.obj
                0x0000000010001344                busy_wait_us
 .text.busy_wait_until
                0x0000000010001398       0x20 CMakeFiles/usb2serial.dir/home/ceco/pico/pico-sdk/src/rp2_common/hardware_timer/timer.c.obj
                0x0000000010001398                busy_wait_until
 .text.hardware_alarm_set_callback
                0x00000000100013b8       0x8c CMakeFiles/usb2serial.dir/home/ceco/pico/pico-sdk/src/rp2_common/hardware_timer/timer.c.obj
                0x00000000100013b8                hardware_alarm_set_callback
 .text.hardware_alarm_set_target
                0x0000000010001444       0xd4 CMakeFiles/usb2serial.dir/home/ceco/pico/pico-sdk/src/rp2_common/hardware_timer/timer.c.obj
                0x0000000010001444                hardware_alarm_set_target
 .text.hardware_alarm_cancel
                0x0000000010001518       0x3c CMakeFiles/usb2serial.dir/home/ceco/pico/pico-sdk/src/rp2_common/hardware_timer/timer.c.obj
                0x0000000010001518                hardware_alarm_cancel
 .text.ph_merge_nodes
                0x0000000010001554       0x68 CMakeFiles/usb2serial.dir/home/ceco/pico/pico-sdk/src/common/pico_util/pheap.c.obj
 .text.ph_post_alloc_init
                0x00000000100015bc       0x3c CMakeFiles/usb2serial.dir/home/ceco/pico/pico-sdk/src/common/pico_util/pheap.c.obj
                0x00000000100015bc                ph_post_alloc_init
 .text.ph_merge_two_pass
                0x00000000100015f8       0x90 CMakeFiles/usb2serial.dir/home/ceco/pico/pico-sdk/src/common/pico_util/pheap.c.obj
                0x00000000100015f8                ph_merge_two_pass
 .text.ph_remove_any_head
                0x0000000010001688      0x100 CMakeFiles/usb2serial.dir/home/ceco/pico/pico-sdk/src/common/pico_util/pheap.c.obj
 .text.ph_remove_head
                0x0000000010001788      0x104 CMakeFiles/usb2serial.dir/home/ceco/pico/pico-sdk/src/common/pico_util/pheap.c.obj
                0x0000000010001788                ph_remove_head
 .text.ph_remove_and_free_node
                0x000000001000188c       0x7c CMakeFiles/usb2serial.dir/home/ceco/pico/pico-sdk/src/common/pico_util/pheap.c.obj
                0x000000001000188c                ph_remove_and_free_node
 .text.uart_init
                0x0000000010001908      0x188 CMakeFiles/usb2serial.dir/home/ceco/pico/pico-sdk/src/rp2_common/hardware_uart/uart.c.obj
                0x0000000010001908                uart_init
 .text.clocks_init
                0x0000000010001a90      0x2d0 CMakeFiles/usb2serial.dir/home/ceco/pico/pico-sdk/src/rp2_common/hardware_clocks/clocks.c.obj
                0x0000000010001a90                clocks_init
 .text.clock_get_hz
                0x0000000010001d60        0xc CMakeFiles/usb2serial.dir/home/ceco/pico/pico-sdk/src/rp2_common/hardware_clocks/clocks.c.obj
                0x0000000010001d60                clock_get_hz
 .text.pll_init
                0x0000000010001d6c       0xa0 CMakeFiles/usb2serial.dir/home/ceco/pico/pico-sdk/src/rp2_common/hardware_pll/pll.c.obj
                0x0000000010001d6c                pll_init
 .text.watchdog_start_tick
                0x0000000010001e0c       0x10 CMakeFiles/usb2serial.dir/home/ceco/pico/pico-sdk/src/rp2_common/hardware_watchdog/watchdog.c.obj
                0x0000000010001e0c                watchdog_start_tick
 .text.xosc_init
                0x0000000010001e1c       0x28 CMakeFiles/usb2serial.dir/home/ceco/pico/pico-sdk/src/rp2_common/hardware_xosc/xosc.c.obj
                0x0000000010001e1c                xosc_init
 .text.runtime_init
                0x0000000010001e44       0xf0 CMakeFiles/usb2serial.dir/home/ceco/pico/pico-sdk/src/rp2_common/pico_runtime/runtime.c.obj
                0x0000000010001e44                runtime_init
 .text._exit    0x0000000010001f34        0x4 CMakeFiles/usb2serial.dir/home/ceco/pico/pico-sdk/src/rp2_common/pico_runtime/runtime.c.obj
                0x0000000010001f34                _exit
 .text.exit     0x0000000010001f38        0x8 CMakeFiles/usb2serial.dir/home/ceco/pico/pico-sdk/src/rp2_common/pico_runtime/runtime.c.obj
                0x0000000010001f38                exit
 .text.panic    0x0000000010001f40       0x30 CMakeFiles/usb2serial.dir/home/ceco/pico/pico-sdk/src/rp2_common/pico_runtime/runtime.c.obj
                0x0000000010001f40                panic
 .text.hard_assertion_failure
                0x0000000010001f70        0xc CMakeFiles/usb2serial.dir/home/ceco/pico/pico-sdk/src/rp2_common/pico_runtime/runtime.c.obj
                0x0000000010001f70                hard_assertion_failure
 .text._out_null
                0x0000000010001f7c        0x4 CMakeFiles/usb2serial.dir/home/ceco/pico/pico-sdk/src/rp2_common/pico_printf/printf.c.obj
 .text._out_rev
                0x0000000010001f80       0x9c CMakeFiles/usb2serial.dir/home/ceco/pico/pico-sdk/src/rp2_common/pico_printf/printf.c.obj
 .text._ntoa_format
                0x000000001000201c      0x1cc CMakeFiles/usb2serial.dir/home/ceco/pico/pico-sdk/src/rp2_common/pico_printf/printf.c.obj
 .text._out_char
                0x00000000100021e8       0x10 CMakeFiles/usb2serial.dir/home/ceco/pico/pico-sdk/src/rp2_common/pico_printf/printf.c.obj
 .text._out_fct
                0x00000000100021f8       0x10 CMakeFiles/usb2serial.dir/home/ceco/pico/pico-sdk/src/rp2_common/pico_printf/printf.c.obj
 .text._etoa    0x0000000010002208      0x44c CMakeFiles/usb2serial.dir/home/ceco/pico/pico-sdk/src/rp2_common/pico_printf/printf.c.obj
 .text._ftoa    0x0000000010002654      0x398 CMakeFiles/usb2serial.dir/home/ceco/pico/pico-sdk/src/rp2_common/pico_printf/printf.c.obj
 .text._vsnprintf
                0x00000000100029ec      0xb04 CMakeFiles/usb2serial.dir/home/ceco/pico/pico-sdk/src/rp2_common/pico_printf/printf.c.obj
 .text.vfctprintf
                0x00000000100034f0       0x20 CMakeFiles/usb2serial.dir/home/ceco/pico/pico-sdk/src/rp2_common/pico_printf/printf.c.obj
                0x00000000100034f0                vfctprintf
 .text.weak_raw_vprintf
                0x0000000010003510       0x30 CMakeFiles/usb2serial.dir/home/ceco/pico/pico-sdk/src/rp2_common/pico_printf/printf.c.obj
                0x0000000010003510                weak_raw_vprintf
 .text          0x0000000010003540       0x10 CMakeFiles/usb2serial.dir/home/ceco/pico/pico-sdk/src/rp2_common/pico_bit_ops/bit_ops_aeabi.S.obj
 .text.rom_func_lookup
                0x0000000010003550       0x10 CMakeFiles/usb2serial.dir/home/ceco/pico/pico-sdk/src/rp2_common/pico_bootrom/bootrom.c.obj
                0x0000000010003550                rom_func_lookup
 .text.rom_data_lookup
                0x0000000010003560       0x10 CMakeFiles/usb2serial.dir/home/ceco/pico/pico-sdk/src/rp2_common/pico_bootrom/bootrom.c.obj
                0x0000000010003560                rom_data_lookup
 .text.rom_funcs_lookup
                0x0000000010003570       0x44 CMakeFiles/usb2serial.dir/home/ceco/pico/pico-sdk/src/rp2_common/pico_bootrom/bootrom.c.obj
                0x0000000010003570                rom_funcs_lookup
 .text.__wrap___aeabi_idiv
                0x00000000100035b4       0x50 CMakeFiles/usb2serial.dir/home/ceco/pico/pico-sdk/src/rp2_common/pico_divider/divider.S.obj
                0x00000000100035b4                __wrap___aeabi_idivmod
                0x00000000100035b4                divmod_s32s32
                0x00000000100035b4                div_s32s32
                0x00000000100035b4                __wrap___aeabi_idiv
                0x00000000100035bc                divmod_s32s32_unsafe
                0x00000000100035e8                divmod_s32s32_savestate
 .text.__wrap___aeabi_uidiv
                0x0000000010003604       0x4c CMakeFiles/usb2serial.dir/home/ceco/pico/pico-sdk/src/rp2_common/pico_divider/divider.S.obj
                0x0000000010003604                __wrap___aeabi_uidiv
                0x0000000010003604                __wrap___aeabi_uidivmod
                0x0000000010003604                div_u32u32
                0x0000000010003604                divmod_u32u32
                0x000000001000360c                divmod_u32u32_unsafe
                0x0000000010003634                divmod_u32u32_savestate
 .text.__wrap___aeabi_ldiv
                0x0000000010003650      0x424 CMakeFiles/usb2serial.dir/home/ceco/pico/pico-sdk/src/rp2_common/pico_divider/divider.S.obj
                0x0000000010003650                div_s64s64
                0x0000000010003650                divmod_s64s64
                0x0000000010003650                __wrap___aeabi_ldivmod
                0x0000000010003680                div_u64u64
                0x0000000010003680                divmod_u64u64
                0x0000000010003680                __wrap___aeabi_uldivmod
                0x0000000010003690                divmod_u64u64_savestate
                0x00000000100036b0                divmod_s64s64_unsafe
                0x0000000010003738                divmod_u64u64_unsafe
 .text.__wrap___aeabi_darithmetic
                0x0000000010003a74       0x80 CMakeFiles/usb2serial.dir/home/ceco/pico/pico-sdk/src/rp2_common/pico_double/double_aeabi.S.obj
                0x0000000010003a74                __wrap___aeabi_drsub
                0x0000000010003a7a                __wrap___aeabi_dsub
                0x0000000010003a8c                __wrap___aeabi_dadd
                0x0000000010003a9e                __wrap___aeabi_ddiv
                0x0000000010003ada                __wrap___aeabi_dmul
 .text.__wrap___aeabi_cdcmple
                0x0000000010003af4       0x6c CMakeFiles/usb2serial.dir/home/ceco/pico/pico-sdk/src/rp2_common/pico_double/double_aeabi.S.obj
                0x0000000010003af4                __wrap___aeabi_cdrcmple
                0x0000000010003b04                __wrap___aeabi_cdcmple
                0x0000000010003b04                __wrap___aeabi_cdcmpeq
 .text.__wrap___aeabi_dcmplt
                0x0000000010003b60        0xc CMakeFiles/usb2serial.dir/home/ceco/pico/pico-sdk/src/rp2_common/pico_double/double_aeabi.S.obj
                0x0000000010003b60                __wrap___aeabi_dcmplt
 .text.__wrap___aeabi_dcmple
                0x0000000010003b6c       0x10 CMakeFiles/usb2serial.dir/home/ceco/pico/pico-sdk/src/rp2_common/pico_double/double_aeabi.S.obj
                0x0000000010003b6c                __wrap___aeabi_dcmple
 .text.__wrap___aeabi_dcmpge
                0x0000000010003b7c       0x10 CMakeFiles/usb2serial.dir/home/ceco/pico/pico-sdk/src/rp2_common/pico_double/double_aeabi.S.obj
                0x0000000010003b7c                __wrap___aeabi_dcmpge
 .text.__wrap___aeabi_dcmpgt
                0x0000000010003b8c        0xa CMakeFiles/usb2serial.dir/home/ceco/pico/pico-sdk/src/rp2_common/pico_double/double_aeabi.S.obj
                0x0000000010003b8c                __wrap___aeabi_dcmpgt
 .text.__wrap___aeabi_dcmpun
                0x0000000010003b96       0x1c CMakeFiles/usb2serial.dir/home/ceco/pico/pico-sdk/src/rp2_common/pico_double/double_aeabi.S.obj
                0x0000000010003b96                __wrap___aeabi_dcmpun
 *fill*         0x0000000010003bb2        0x2 
 .text.__wrap___aeabi_i2d
                0x0000000010003bb4       0x38 CMakeFiles/usb2serial.dir/home/ceco/pico/pico-sdk/src/rp2_common/pico_double/double_aeabi.S.obj
                0x0000000010003bb4                __wrap___aeabi_ui2d
                0x0000000010003bbc                __wrap___aeabi_i2d
 .text.__wrap___aeabi_d2iz
                0x0000000010003bec       0x48 CMakeFiles/usb2serial.dir/home/ceco/pico/pico-sdk/src/rp2_common/pico_double/double_aeabi.S.obj
                0x0000000010003bec                __wrap___aeabi_d2iz
                0x0000000010003bec                double2int_z
 .text.__wrap___aeabi_d2uiz
                0x0000000010003c34       0x18 CMakeFiles/usb2serial.dir/home/ceco/pico/pico-sdk/src/rp2_common/pico_double/double_aeabi.S.obj
                0x0000000010003c34                double2uint
                0x0000000010003c34                __wrap___aeabi_d2uiz
 .text.__aeabi_double_init
                0x0000000010003c4c       0x94 CMakeFiles/usb2serial.dir/home/ceco/pico/pico-sdk/src/rp2_common/pico_double/double_init_rom.c.obj
                0x0000000010003c4c                __aeabi_double_init
 .text.double_table_shim_on_use_helper
                0x0000000010003ce0       0x2c CMakeFiles/usb2serial.dir/home/ceco/pico/pico-sdk/src/rp2_common/pico_double/double_v1_rom_shim.S.obj
                0x0000000010003ce0                double_table_shim_on_use_helper
 .text.__wrap___aeabi_dsub
                0x0000000010003d0c       0x10 CMakeFiles/usb2serial.dir/home/ceco/pico/pico-sdk/src/rp2_common/pico_double/double_v1_rom_shim.S.obj
                0x0000000010003d0c                drsub_shim
                0x0000000010003d12                dsub_shim
 .text.dadd_shim
                0x0000000010003d1c      0x15c CMakeFiles/usb2serial.dir/home/ceco/pico/pico-sdk/src/rp2_common/pico_double/double_v1_rom_shim.S.obj
                0x0000000010003d1c                dadd_shim
 .text.dmul_shim
                0x0000000010003e78      0x15c CMakeFiles/usb2serial.dir/home/ceco/pico/pico-sdk/src/rp2_common/pico_double/double_v1_rom_shim.S.obj
                0x0000000010003e78                dmul_shim
 .text.ddiv_shim
                0x0000000010003fd4      0x1b0 CMakeFiles/usb2serial.dir/home/ceco/pico/pico-sdk/src/rp2_common/pico_double/double_v1_rom_shim.S.obj
                0x0000000010003fd4                ddiv_shim
 .text.double2uint_shim
                0x0000000010004184        0xe CMakeFiles/usb2serial.dir/home/ceco/pico/pico-sdk/src/rp2_common/pico_double/double_v1_rom_shim.S.obj
                0x0000000010004184                double2uint_shim
                0x0000000010004186                double2ufix_shim
 *fill*         0x0000000010004192        0x2 
 .text.double2uint64_shim
                0x0000000010004194       0x70 CMakeFiles/usb2serial.dir/home/ceco/pico/pico-sdk/src/rp2_common/pico_double/double_v1_rom_shim.S.obj
                0x0000000010004194                double2uint64_shim
                0x0000000010004196                double2ufix64_shim
                0x00000000100041b6                d2fix_a
 .text.dunpacks
                0x0000000010004204       0x3c CMakeFiles/usb2serial.dir/home/ceco/pico/pico-sdk/src/rp2_common/pico_double/double_v1_rom_shim.S.obj
                0x0000000010004204                dunpacks
 .text.__aeabi_lmul
                0x0000000010004240       0x32 CMakeFiles/usb2serial.dir/home/ceco/pico/pico-sdk/src/rp2_common/pico_int64_ops/pico_int64_ops_aeabi.S.obj
                0x0000000010004240                __wrap___aeabi_lmul
 *fill*         0x0000000010004272        0x2 
 .text.__aeabi_float_init
                0x0000000010004274       0x64 CMakeFiles/usb2serial.dir/home/ceco/pico/pico-sdk/src/rp2_common/pico_float/float_init_rom.c.obj
                0x0000000010004274                __aeabi_float_init
 .text.float_table_shim_on_use_helper
                0x00000000100042d8       0x2c CMakeFiles/usb2serial.dir/home/ceco/pico/pico-sdk/src/rp2_common/pico_float/float_v1_rom_shim.S.obj
                0x00000000100042d8                float_table_shim_on_use_helper
 .text          0x0000000010004304       0x10 CMakeFiles/usb2serial.dir/home/ceco/pico/pico-sdk/src/rp2_common/pico_mem_ops/mem_ops_aeabi.S.obj
                0x0000000010004304                __aeabi_mem_init
 .text.memset   0x0000000010004314        0xc CMakeFiles/usb2serial.dir/home/ceco/pico/pico-sdk/src/rp2_common/pico_mem_ops/mem_ops_aeabi.S.obj
                0x0000000010004314                __wrap_memset
 .text.memcpy   0x0000000010004320        0xc CMakeFiles/usb2serial.dir/home/ceco/pico/pico-sdk/src/rp2_common/pico_mem_ops/mem_ops_aeabi.S.obj
                0x0000000010004320                __wrap___aeabi_memcpy
                0x0000000010004320                __wrap_memcpy
 .text.stdio_out_chars_no_crlf
                0x000000001000432c       0x10 CMakeFiles/usb2serial.dir/home/ceco/pico/pico-sdk/src/rp2_common/pico_stdio/stdio.c.obj
 .text.stdio_out_chars_crlf
                0x000000001000433c       0xb4 CMakeFiles/usb2serial.dir/home/ceco/pico/pico-sdk/src/rp2_common/pico_stdio/stdio.c.obj
 .text.stdio_buffered_printer
                0x00000000100043f0       0x64 CMakeFiles/usb2serial.dir/home/ceco/pico/pico-sdk/src/rp2_common/pico_stdio/stdio.c.obj
 .text.stdio_put_string.isra.0
                0x0000000010004454       0xfc CMakeFiles/usb2serial.dir/home/ceco/pico/pico-sdk/src/rp2_common/pico_stdio/stdio.c.obj
 .text.__wrap_putchar
                0x0000000010004550       0x98 CMakeFiles/usb2serial.dir/home/ceco/pico/pico-sdk/src/rp2_common/pico_stdio/stdio.c.obj
                0x0000000010004550                __wrap_putchar
 .text.__wrap_puts
                0x00000000100045e8       0x3c CMakeFiles/usb2serial.dir/home/ceco/pico/pico-sdk/src/rp2_common/pico_stdio/stdio.c.obj
                0x00000000100045e8                __wrap_puts
 .text.stdio_set_driver_enabled
                0x0000000010004624       0x30 CMakeFiles/usb2serial.dir/home/ceco/pico/pico-sdk/src/rp2_common/pico_stdio/stdio.c.obj
                0x0000000010004624                stdio_set_driver_enabled
 .text.__wrap_vprintf
                0x0000000010004654       0xd8 CMakeFiles/usb2serial.dir/home/ceco/pico/pico-sdk/src/rp2_common/pico_stdio/stdio.c.obj
                0x0000000010004654                __wrap_vprintf
 .text.__wrap_printf
                0x000000001000472c       0x18 CMakeFiles/usb2serial.dir/home/ceco/pico/pico-sdk/src/rp2_common/pico_stdio/stdio.c.obj
                0x000000001000472c                __wrap_printf
 .text.stdio_uart_out_chars
                0x0000000010004744       0x4c CMakeFiles/usb2serial.dir/home/ceco/pico/pico-sdk/src/rp2_common/pico_stdio_uart/stdio_uart.c.obj
 .text.stdio_uart_in_chars
                0x0000000010004790       0x84 CMakeFiles/usb2serial.dir/home/ceco/pico/pico-sdk/src/rp2_common/pico_stdio_uart/stdio_uart.c.obj
                0x0000000010004790                stdio_uart_in_chars
 .text.on_uart_rx
                0x0000000010004814       0x28 CMakeFiles/usb2serial.dir/home/ceco/pico/pico-sdk/src/rp2_common/pico_stdio_uart/stdio_uart.c.obj
 .text.stdio_uart_set_chars_available_callback
                0x000000001000483c       0x8c CMakeFiles/usb2serial.dir/home/ceco/pico/pico-sdk/src/rp2_common/pico_stdio_uart/stdio_uart.c.obj
 .text.stdio_uart_init_full
                0x00000000100048c8       0x3c CMakeFiles/usb2serial.dir/home/ceco/pico/pico-sdk/src/rp2_common/pico_stdio_uart/stdio_uart.c.obj
                0x00000000100048c8                stdio_uart_init_full
 .text.hcd_rp2040_irq
                0x0000000010004904      0x34c CMakeFiles/usb2serial.dir/home/ceco/pico/pico-sdk/lib/tinyusb/src/portable/raspberrypi/rp2040/hcd_rp2040.c.obj
 .text.hcd_init
                0x0000000010004c50       0x54 CMakeFiles/usb2serial.dir/home/ceco/pico/pico-sdk/lib/tinyusb/src/portable/raspberrypi/rp2040/hcd_rp2040.c.obj
                0x0000000010004c50                hcd_init
 .text.hcd_port_reset
                0x0000000010004ca4        0x4 CMakeFiles/usb2serial.dir/home/ceco/pico/pico-sdk/lib/tinyusb/src/portable/raspberrypi/rp2040/hcd_rp2040.c.obj
                0x0000000010004ca4                hcd_port_reset
 .text.hcd_port_reset_end
                0x0000000010004ca8        0x4 CMakeFiles/usb2serial.dir/home/ceco/pico/pico-sdk/lib/tinyusb/src/portable/raspberrypi/rp2040/hcd_rp2040.c.obj
                0x0000000010004ca8                hcd_port_reset_end
 .text.hcd_port_connect_status
                0x0000000010004cac       0x18 CMakeFiles/usb2serial.dir/home/ceco/pico/pico-sdk/lib/tinyusb/src/portable/raspberrypi/rp2040/hcd_rp2040.c.obj
                0x0000000010004cac                hcd_port_connect_status
 .text.hcd_port_speed_get
                0x0000000010004cc4       0x24 CMakeFiles/usb2serial.dir/home/ceco/pico/pico-sdk/lib/tinyusb/src/portable/raspberrypi/rp2040/hcd_rp2040.c.obj
                0x0000000010004cc4                hcd_port_speed_get
 .text.hcd_device_close
                0x0000000010004ce8      0x470 CMakeFiles/usb2serial.dir/home/ceco/pico/pico-sdk/lib/tinyusb/src/portable/raspberrypi/rp2040/hcd_rp2040.c.obj
                0x0000000010004ce8                hcd_device_close
 .text.hcd_int_enable
                0x0000000010005158        0xc CMakeFiles/usb2serial.dir/home/ceco/pico/pico-sdk/lib/tinyusb/src/portable/raspberrypi/rp2040/hcd_rp2040.c.obj
                0x0000000010005158                hcd_int_enable
 .text.hcd_edpt_open
                0x0000000010005164      0x230 CMakeFiles/usb2serial.dir/home/ceco/pico/pico-sdk/lib/tinyusb/src/portable/raspberrypi/rp2040/hcd_rp2040.c.obj
                0x0000000010005164                hcd_edpt_open
 .text.hcd_edpt_xfer
                0x0000000010005394      0x33c CMakeFiles/usb2serial.dir/home/ceco/pico/pico-sdk/lib/tinyusb/src/portable/raspberrypi/rp2040/hcd_rp2040.c.obj
                0x0000000010005394                hcd_edpt_xfer
 .text.hcd_setup_send
                0x00000000100056d0       0xa8 CMakeFiles/usb2serial.dir/home/ceco/pico/pico-sdk/lib/tinyusb/src/portable/raspberrypi/rp2040/hcd_rp2040.c.obj
                0x00000000100056d0                hcd_setup_send
 .text._hw_endpoint_buffer_control_update32.part.0.isra.0
                0x0000000010005778       0x1c CMakeFiles/usb2serial.dir/home/ceco/pico/pico-sdk/lib/tinyusb/src/portable/raspberrypi/rp2040/rp2040_usb.c.obj
 .text.rp2040_usb_init
                0x0000000010005794       0x4c CMakeFiles/usb2serial.dir/home/ceco/pico/pico-sdk/lib/tinyusb/src/portable/raspberrypi/rp2040/rp2040_usb.c.obj
                0x0000000010005794                rp2040_usb_init
 .text.hw_endpoint_reset_transfer
                0x00000000100057e0        0xc CMakeFiles/usb2serial.dir/home/ceco/pico/pico-sdk/lib/tinyusb/src/portable/raspberrypi/rp2040/rp2040_usb.c.obj
                0x00000000100057e0                hw_endpoint_reset_transfer
 .text.hw_endpoint_start_next_buffer
                0x00000000100057ec      0x128 CMakeFiles/usb2serial.dir/home/ceco/pico/pico-sdk/lib/tinyusb/src/portable/raspberrypi/rp2040/rp2040_usb.c.obj
                0x00000000100057ec                hw_endpoint_start_next_buffer
 .text.hw_endpoint_xfer_start
                0x0000000010005914      0x12c CMakeFiles/usb2serial.dir/home/ceco/pico/pico-sdk/lib/tinyusb/src/portable/raspberrypi/rp2040/rp2040_usb.c.obj
                0x0000000010005914                hw_endpoint_xfer_start
 .text.hw_endpoint_xfer_continue
                0x0000000010005a40       0xc0 CMakeFiles/usb2serial.dir/home/ceco/pico/pico-sdk/lib/tinyusb/src/portable/raspberrypi/rp2040/rp2040_usb.c.obj
                0x0000000010005a40                hw_endpoint_xfer_continue
 .text._control_blocking_complete_cb
                0x0000000010005b00        0x8 CMakeFiles/usb2serial.dir/home/ceco/pico/pico-sdk/lib/tinyusb/src/host/usbh.c.obj
 .text.process_device_unplugged
                0x0000000010005b08      0x138 CMakeFiles/usb2serial.dir/home/ceco/pico/pico-sdk/lib/tinyusb/src/host/usbh.c.obj
 .text.usbh_control_xfer_cb.constprop.0.isra.0
                0x0000000010005c40      0x160 CMakeFiles/usb2serial.dir/home/ceco/pico/pico-sdk/lib/tinyusb/src/host/usbh.c.obj
 .text.tuh_task_ext.part.0
                0x0000000010005da0      0x1fc CMakeFiles/usb2serial.dir/home/ceco/pico/pico-sdk/lib/tinyusb/src/host/usbh.c.obj
 .text.tuh_control_xfer.part.0
                0x0000000010005f9c       0xd8 CMakeFiles/usb2serial.dir/home/ceco/pico/pico-sdk/lib/tinyusb/src/host/usbh.c.obj
 .text.process_enumeration
                0x0000000010006074      0x514 CMakeFiles/usb2serial.dir/home/ceco/pico/pico-sdk/lib/tinyusb/src/host/usbh.c.obj
 .text.tuh_speed_get
                0x0000000010006588       0x24 CMakeFiles/usb2serial.dir/home/ceco/pico/pico-sdk/lib/tinyusb/src/host/usbh.c.obj
                0x0000000010006588                tuh_speed_get
 .text.tuh_inited
                0x00000000100065ac       0x14 CMakeFiles/usb2serial.dir/home/ceco/pico/pico-sdk/lib/tinyusb/src/host/usbh.c.obj
                0x00000000100065ac                tuh_inited
 .text.tuh_init
                0x00000000100065c0       0xc0 CMakeFiles/usb2serial.dir/home/ceco/pico/pico-sdk/lib/tinyusb/src/host/usbh.c.obj
                0x00000000100065c0                tuh_init
 .text.tuh_task_ext
                0x0000000010006680       0x10 CMakeFiles/usb2serial.dir/home/ceco/pico/pico-sdk/lib/tinyusb/src/host/usbh.c.obj
                0x0000000010006680                tuh_task_ext
 .text.tuh_control_xfer
                0x0000000010006690       0x2c CMakeFiles/usb2serial.dir/home/ceco/pico/pico-sdk/lib/tinyusb/src/host/usbh.c.obj
                0x0000000010006690                tuh_control_xfer
 .text.usbh_get_rhport
                0x00000000100066bc       0x20 CMakeFiles/usb2serial.dir/home/ceco/pico/pico-sdk/lib/tinyusb/src/host/usbh.c.obj
                0x00000000100066bc                usbh_get_rhport
 .text.usbh_get_enum_buf
                0x00000000100066dc        0x8 CMakeFiles/usb2serial.dir/home/ceco/pico/pico-sdk/lib/tinyusb/src/host/usbh.c.obj
                0x00000000100066dc                usbh_get_enum_buf
 .text.usbh_edpt_claim
                0x00000000100066e4       0x38 CMakeFiles/usb2serial.dir/home/ceco/pico/pico-sdk/lib/tinyusb/src/host/usbh.c.obj
                0x00000000100066e4                usbh_edpt_claim
 .text.usbh_edpt_release
                0x000000001000671c       0x38 CMakeFiles/usb2serial.dir/home/ceco/pico/pico-sdk/lib/tinyusb/src/host/usbh.c.obj
                0x000000001000671c                usbh_edpt_release
 .text.usbh_edpt_xfer_with_callback
                0x0000000010006754       0x78 CMakeFiles/usb2serial.dir/home/ceco/pico/pico-sdk/lib/tinyusb/src/host/usbh.c.obj
                0x0000000010006754                usbh_edpt_xfer_with_callback
 .text.tuh_edpt_open
                0x00000000100067cc       0x4c CMakeFiles/usb2serial.dir/home/ceco/pico/pico-sdk/lib/tinyusb/src/host/usbh.c.obj
                0x00000000100067cc                tuh_edpt_open
 .text.tuh_descriptor_get_hid_report
                0x0000000010006818       0x68 CMakeFiles/usb2serial.dir/home/ceco/pico/pico-sdk/lib/tinyusb/src/host/usbh.c.obj
                0x0000000010006818                tuh_descriptor_get_hid_report
 .text.usbh_driver_set_config_complete
                0x0000000010006880       0xe0 CMakeFiles/usb2serial.dir/home/ceco/pico/pico-sdk/lib/tinyusb/src/host/usbh.c.obj
                0x0000000010006880                usbh_driver_set_config_complete
 .text.connection_port_reset_complete
                0x0000000010006960       0x34 CMakeFiles/usb2serial.dir/home/ceco/pico/pico-sdk/lib/tinyusb/src/host/hub.c.obj
 .text.hub_clear_feature_complete_stub
                0x0000000010006994       0x30 CMakeFiles/usb2serial.dir/home/ceco/pico/pico-sdk/lib/tinyusb/src/host/hub.c.obj
 .text.config_set_port_power
                0x00000000100069c4       0x60 CMakeFiles/usb2serial.dir/home/ceco/pico/pico-sdk/lib/tinyusb/src/host/hub.c.obj
 .text.config_port_power_complete
                0x0000000010006a24       0x94 CMakeFiles/usb2serial.dir/home/ceco/pico/pico-sdk/lib/tinyusb/src/host/hub.c.obj
 .text.connection_clear_conn_change_complete
                0x0000000010006ab8       0xa0 CMakeFiles/usb2serial.dir/home/ceco/pico/pico-sdk/lib/tinyusb/src/host/hub.c.obj
 .text.hub_get_status_complete
                0x0000000010006b58       0x98 CMakeFiles/usb2serial.dir/home/ceco/pico/pico-sdk/lib/tinyusb/src/host/hub.c.obj
 .text.hub_port_get_status_complete
                0x0000000010006bf0      0x1c0 CMakeFiles/usb2serial.dir/home/ceco/pico/pico-sdk/lib/tinyusb/src/host/hub.c.obj
 .text.hub_port_clear_feature
                0x0000000010006db0       0x4c CMakeFiles/usb2serial.dir/home/ceco/pico/pico-sdk/lib/tinyusb/src/host/hub.c.obj
                0x0000000010006db0                hub_port_clear_feature
 .text.hub_port_get_status
                0x0000000010006dfc       0x50 CMakeFiles/usb2serial.dir/home/ceco/pico/pico-sdk/lib/tinyusb/src/host/hub.c.obj
                0x0000000010006dfc                hub_port_get_status
 .text.hub_init
                0x0000000010006e4c       0x14 CMakeFiles/usb2serial.dir/home/ceco/pico/pico-sdk/lib/tinyusb/src/host/hub.c.obj
                0x0000000010006e4c                hub_init
 .text.hub_open
                0x0000000010006e60       0x58 CMakeFiles/usb2serial.dir/home/ceco/pico/pico-sdk/lib/tinyusb/src/host/hub.c.obj
                0x0000000010006e60                hub_open
 .text.hub_close
                0x0000000010006eb8       0x28 CMakeFiles/usb2serial.dir/home/ceco/pico/pico-sdk/lib/tinyusb/src/host/hub.c.obj
                0x0000000010006eb8                hub_close
 .text.hub_edpt_status_xfer
                0x0000000010006ee0       0x2c CMakeFiles/usb2serial.dir/home/ceco/pico/pico-sdk/lib/tinyusb/src/host/hub.c.obj
                0x0000000010006ee0                hub_edpt_status_xfer
 .text.hub_set_config
                0x0000000010006f0c       0x58 CMakeFiles/usb2serial.dir/home/ceco/pico/pico-sdk/lib/tinyusb/src/host/hub.c.obj
                0x0000000010006f0c                hub_set_config
 .text.hub_xfer_cb
                0x0000000010006f64      0x15c CMakeFiles/usb2serial.dir/home/ceco/pico/pico-sdk/lib/tinyusb/src/host/hub.c.obj
                0x0000000010006f64                hub_xfer_cb
 .text.process_set_config
                0x00000000100070c0      0x24c CMakeFiles/usb2serial.dir/home/ceco/pico/pico-sdk/lib/tinyusb/src/class/hid/hid_host.c.obj
 .text.tuh_hid_interface_protocol
                0x000000001000730c       0x20 CMakeFiles/usb2serial.dir/home/ceco/pico/pico-sdk/lib/tinyusb/src/class/hid/hid_host.c.obj
                0x000000001000730c                tuh_hid_interface_protocol
 .text.tuh_hid_receive_report
                0x000000001000732c       0x6c CMakeFiles/usb2serial.dir/home/ceco/pico/pico-sdk/lib/tinyusb/src/class/hid/hid_host.c.obj
                0x000000001000732c                tuh_hid_receive_report
 .text.hidh_init
                0x0000000010007398       0x18 CMakeFiles/usb2serial.dir/home/ceco/pico/pico-sdk/lib/tinyusb/src/class/hid/hid_host.c.obj
                0x0000000010007398                hidh_init
 .text.hidh_xfer_cb
                0x00000000100073b0       0xe4 CMakeFiles/usb2serial.dir/home/ceco/pico/pico-sdk/lib/tinyusb/src/class/hid/hid_host.c.obj
                0x00000000100073b0                hidh_xfer_cb
 .text.hidh_close
                0x0000000010007494       0x5c CMakeFiles/usb2serial.dir/home/ceco/pico/pico-sdk/lib/tinyusb/src/class/hid/hid_host.c.obj
                0x0000000010007494                hidh_close
 .text.hidh_open
                0x00000000100074f0      0x134 CMakeFiles/usb2serial.dir/home/ceco/pico/pico-sdk/lib/tinyusb/src/class/hid/hid_host.c.obj
                0x00000000100074f0                hidh_open
 .text.hidh_set_config
                0x0000000010007624      0x11c CMakeFiles/usb2serial.dir/home/ceco/pico/pico-sdk/lib/tinyusb/src/class/hid/hid_host.c.obj
                0x0000000010007624                hidh_set_config
 .text.tusb_init
                0x0000000010007740        0xc CMakeFiles/usb2serial.dir/home/ceco/pico/pico-sdk/lib/tinyusb/src/tusb.c.obj
                0x0000000010007740                tusb_init
 .text.tusb_inited
                0x000000001000774c        0x8 CMakeFiles/usb2serial.dir/home/ceco/pico/pico-sdk/lib/tinyusb/src/tusb.c.obj
                0x000000001000774c                tusb_inited
 .text.tu_edpt_claim
                0x0000000010007754       0x50 CMakeFiles/usb2serial.dir/home/ceco/pico/pico-sdk/lib/tinyusb/src/tusb.c.obj
                0x0000000010007754                tu_edpt_claim
 .text.tu_edpt_release
                0x00000000100077a4       0x38 CMakeFiles/usb2serial.dir/home/ceco/pico/pico-sdk/lib/tinyusb/src/tusb.c.obj
                0x00000000100077a4                tu_edpt_release
 .text.tu_edpt_validate
                0x00000000100077dc       0x78 CMakeFiles/usb2serial.dir/home/ceco/pico/pico-sdk/lib/tinyusb/src/tusb.c.obj
                0x00000000100077dc                tu_edpt_validate
 .text.tu_edpt_bind_driver
                0x0000000010007854       0x34 CMakeFiles/usb2serial.dir/home/ceco/pico/pico-sdk/lib/tinyusb/src/tusb.c.obj
                0x0000000010007854                tu_edpt_bind_driver
 .text.tu_desc_get_interface_total_len
                0x0000000010007888       0x4c CMakeFiles/usb2serial.dir/home/ceco/pico/pico-sdk/lib/tinyusb/src/tusb.c.obj
                0x0000000010007888                tu_desc_get_interface_total_len
 .text.tu_fifo_read
                0x00000000100078d4       0xa0 CMakeFiles/usb2serial.dir/home/ceco/pico/pico-sdk/lib/tinyusb/src/common/tusb_fifo.c.obj
                0x00000000100078d4                tu_fifo_read
 .text.tu_fifo_write
                0x0000000010007974       0x88 CMakeFiles/usb2serial.dir/home/ceco/pico/pico-sdk/lib/tinyusb/src/common/tusb_fifo.c.obj
                0x0000000010007974                tu_fifo_write
 .text.tu_fifo_clear
                0x00000000100079fc       0x40 CMakeFiles/usb2serial.dir/home/ceco/pico/pico-sdk/lib/tinyusb/src/common/tusb_fifo.c.obj
                0x00000000100079fc                tu_fifo_clear
 .text.board_init
                0x0000000010007a3c       0x30 CMakeFiles/usb2serial.dir/home/ceco/pico/pico-sdk/lib/tinyusb/hw/bsp/rp2040/family.c.obj
                0x0000000010007a3c                board_init
 .text          0x0000000010007a6c       0x5c /usr/lib/gcc/arm-none-eabi/10.3.1/../../../arm-none-eabi/lib/thumb/v6-m/nofp/libc.a(lib_a-strlen-stub.o)
                0x0000000010007a6c                strlen
 *(.fini)
 .fini          0x0000000010007ac8        0x4 /usr/lib/gcc/arm-none-eabi/10.3.1/thumb/v6-m/nofp/crti.o
                0x0000000010007ac8                _fini
 *fill*         0x0000000010007acc        0x4 
 .fini.__stub   0x0000000010007ad0       0x60 linker stubs
 *crtbegin.o(.ctors)
 *crtbegin?.o(.ctors)
 *(EXCLUDE_FILE(*crtend.o *crtend?.o) .ctors)
 *(SORT_BY_NAME(.ctors.*))
 *(.ctors)
 *crtbegin.o(.dtors)
 *crtbegin?.o(.dtors)
 *(EXCLUDE_FILE(*crtend.o *crtend?.o) .dtors)
 *(SORT_BY_NAME(.dtors.*))
 *(.dtors)
 *(.eh_frame*)
 .eh_frame      0x0000000010007b30        0x0 /usr/lib/gcc/arm-none-eabi/10.3.1/thumb/v6-m/nofp/crtbegin.o
                0x0000000010007b30                . = ALIGN (0x4)

.glue_7         0x0000000010007b30        0x0
 .glue_7        0x0000000010007b30        0x0 linker stubs

.glue_7t        0x0000000010007b30        0x0
 .glue_7t       0x0000000010007b30        0x0 linker stubs

.vfp11_veneer   0x0000000010007b30        0x0
 .vfp11_veneer  0x0000000010007b30        0x0 linker stubs

.v4_bx          0x0000000010007b30        0x0
 .v4_bx         0x0000000010007b30        0x0 linker stubs

.iplt           0x0000000010007b30        0x0
 .iplt          0x0000000010007b30        0x0 /usr/lib/gcc/arm-none-eabi/10.3.1/thumb/v6-m/nofp/crtbegin.o

.rodata         0x0000000010007b30      0x608
 *(EXCLUDE_FILE(*libm.a: *libc.a:*lib_a-mem*.o *libgcc.a:) .rodata*)
 .rodata.tuh_hid_mount_cb.str1.4
                0x0000000010007b30       0x77 CMakeFiles/usb2serial.dir/usb2serial.c.obj
 *fill*         0x0000000010007ba7        0x1 
 .rodata.tuh_hid_umount_cb.str1.4
                0x0000000010007ba8       0x36 CMakeFiles/usb2serial.dir/usb2serial.c.obj
 *fill*         0x0000000010007bde        0x2 
 .rodata.tuh_hid_report_received_cb.str1.4
                0x0000000010007be0       0x17 CMakeFiles/usb2serial.dir/usb2serial.c.obj
 *fill*         0x0000000010007bf7        0x1 
 .rodata.main.str1.4
                0x0000000010007bf8       0x10 CMakeFiles/usb2serial.dir/usb2serial.c.obj
 .rodata.hid2ascii
                0x0000000010007c08       0x65 CMakeFiles/usb2serial.dir/usb2serial.c.obj
                0x0000000010007c08                hid2ascii
 *fill*         0x0000000010007c6d        0x3 
 .rodata.hid2asciiCtrl
                0x0000000010007c70       0x1e CMakeFiles/usb2serial.dir/usb2serial.c.obj
                0x0000000010007c70                hid2asciiCtrl
 *fill*         0x0000000010007c8e        0x2 
 .rodata.hid2asciiShift
                0x0000000010007c90       0x65 CMakeFiles/usb2serial.dir/usb2serial.c.obj
                0x0000000010007c90                hid2asciiShift
 *fill*         0x0000000010007cf5        0x3 
 .rodata.spin_lock_claim_unused.str1.4
                0x0000000010007cf8       0x1b CMakeFiles/usb2serial.dir/home/ceco/pico/pico-sdk/src/rp2_common/hardware_sync/sync.c.obj
 *fill*         0x0000000010007d13        0x1 
 .rodata.hardware_alarm_claim.str1.4
                0x0000000010007d14       0x22 CMakeFiles/usb2serial.dir/home/ceco/pico/pico-sdk/src/rp2_common/hardware_timer/timer.c.obj
 *fill*         0x0000000010007d36        0x2 
 .rodata.panic.str1.4
                0x0000000010007d38       0x10 CMakeFiles/usb2serial.dir/home/ceco/pico/pico-sdk/src/rp2_common/pico_runtime/runtime.c.obj
                                         0x12 (size before relaxing)
 .rodata.hard_assertion_failure.str1.4
                0x0000000010007d48        0xc CMakeFiles/usb2serial.dir/home/ceco/pico/pico-sdk/src/rp2_common/pico_runtime/runtime.c.obj
 .rodata._ftoa.str1.4
                0x0000000010007d54       0x15 CMakeFiles/usb2serial.dir/home/ceco/pico/pico-sdk/src/rp2_common/pico_printf/printf.c.obj
 *fill*         0x0000000010007d69        0x3 
 .rodata._vsnprintf
                0x0000000010007d6c      0x1e0 CMakeFiles/usb2serial.dir/home/ceco/pico/pico-sdk/src/rp2_common/pico_printf/printf.c.obj
 *fill*         0x0000000010007f4c        0x4 
 .rodata.pow10.0
                0x0000000010007f50       0x50 CMakeFiles/usb2serial.dir/home/ceco/pico/pico-sdk/src/rp2_common/pico_printf/printf.c.obj
 .rodata.str1.4
                0x0000000010007fa0       0x44 CMakeFiles/usb2serial.dir/home/ceco/pico/pico-sdk/src/rp2_common/pico_standard_link/binary_info.c.obj
 .rodata.__bi_44
                0x0000000010007fe4        0xc CMakeFiles/usb2serial.dir/home/ceco/pico/pico-sdk/src/rp2_common/pico_standard_link/binary_info.c.obj
 .rodata.__bi_56
                0x0000000010007ff0        0xc CMakeFiles/usb2serial.dir/home/ceco/pico/pico-sdk/src/rp2_common/pico_standard_link/binary_info.c.obj
 .rodata.__bi_75
                0x0000000010007ffc        0xc CMakeFiles/usb2serial.dir/home/ceco/pico/pico-sdk/src/rp2_common/pico_standard_link/binary_info.c.obj
 .rodata.__bi_81
                0x0000000010008008        0xc CMakeFiles/usb2serial.dir/home/ceco/pico/pico-sdk/src/rp2_common/pico_standard_link/binary_info.c.obj
 .rodata.crlf_str.0
                0x0000000010008014        0x2 CMakeFiles/usb2serial.dir/home/ceco/pico/pico-sdk/src/rp2_common/pico_stdio/stdio.c.obj
 *fill*         0x0000000010008016        0x2 
 .rodata.hcd_rp2040_irq.str1.4
                0x0000000010008018       0x40 CMakeFiles/usb2serial.dir/home/ceco/pico/pico-sdk/lib/tinyusb/src/portable/raspberrypi/rp2040/hcd_rp2040.c.obj
 .rodata.hcd_port_speed_get.str1.4
                0x0000000010008058        0xf CMakeFiles/usb2serial.dir/home/ceco/pico/pico-sdk/lib/tinyusb/src/portable/raspberrypi/rp2040/hcd_rp2040.c.obj
 *fill*         0x0000000010008067        0x1 
 .rodata._hw_endpoint_buffer_control_update32.part.0.isra.0.str1.4
                0x0000000010008068       0x1f CMakeFiles/usb2serial.dir/home/ceco/pico/pico-sdk/lib/tinyusb/src/portable/raspberrypi/rp2040/rp2040_usb.c.obj
 *fill*         0x0000000010008087        0x1 
 .rodata.hw_endpoint_xfer_continue.str1.4
                0x0000000010008088       0x29 CMakeFiles/usb2serial.dir/home/ceco/pico/pico-sdk/lib/tinyusb/src/portable/raspberrypi/rp2040/rp2040_usb.c.obj
 *fill*         0x00000000100080b1        0x3 
 .rodata.str1.4
                0x00000000100080b4        0x7 CMakeFiles/usb2serial.dir/home/ceco/pico/pico-sdk/lib/tinyusb/src/portable/raspberrypi/rp2040/rp2040_usb.c.obj
 *fill*         0x00000000100080bb        0x1 
 .rodata.process_enumeration
                0x00000000100080bc       0x34 CMakeFiles/usb2serial.dir/home/ceco/pico/pico-sdk/lib/tinyusb/src/host/usbh.c.obj
 .rodata.usbh_class_drivers
                0x00000000100080f0       0x28 CMakeFiles/usb2serial.dir/home/ceco/pico/pico-sdk/lib/tinyusb/src/host/usbh.c.obj
 .rodata        0x0000000010008118        0x8 CMakeFiles/usb2serial.dir/home/ceco/pico/pico-sdk/lib/tinyusb/src/host/hub.c.obj
 .rodata.str1.4
                0x0000000010008120        0x4 CMakeFiles/usb2serial.dir/home/ceco/pico/pico-sdk/lib/tinyusb/hw/bsp/rp2040/family.c.obj
 .rodata.__bi_142.0
                0x0000000010008124        0xc CMakeFiles/usb2serial.dir/home/ceco/pico/pico-sdk/lib/tinyusb/hw/bsp/rp2040/family.c.obj
 .rodata.__bi_152.1
                0x0000000010008130        0x8 CMakeFiles/usb2serial.dir/home/ceco/pico/pico-sdk/lib/tinyusb/hw/bsp/rp2040/family.c.obj
                0x0000000010008138                . = ALIGN (0x4)
 *(SORT_BY_ALIGNMENT(SORT_BY_NAME(.flashdata*)))
                0x0000000010008138                . = ALIGN (0x4)

.ARM.extab
 *(.ARM.extab* .gnu.linkonce.armextab.*)
                0x0000000010008138                __exidx_start = .

.ARM.exidx
 *(.ARM.exidx* .gnu.linkonce.armexidx.*)
                0x0000000010008138                __exidx_end = .
                0x0000000010008138                . = ALIGN (0x4)
                0x0000000010008138                __binary_info_start = .

.binary_info    0x0000000010008138       0x28
 *(.binary_info.keep.*)
 .binary_info.keep.__bi_ptr22
                0x0000000010008138        0x4 CMakeFiles/usb2serial.dir/home/ceco/pico/pico-sdk/src/rp2_common/pico_standard_link/binary_info.c.obj
 .binary_info.keep.__bi_ptr30
                0x000000001000813c        0x4 CMakeFiles/usb2serial.dir/home/ceco/pico/pico-sdk/src/rp2_common/pico_standard_link/binary_info.c.obj
 .binary_info.keep.__bi_ptr38
                0x0000000010008140        0x4 CMakeFiles/usb2serial.dir/home/ceco/pico/pico-sdk/src/rp2_common/pico_standard_link/binary_info.c.obj
 .binary_info.keep.__bi_ptr44
                0x0000000010008144        0x4 CMakeFiles/usb2serial.dir/home/ceco/pico/pico-sdk/src/rp2_common/pico_standard_link/binary_info.c.obj
 .binary_info.keep.__bi_ptr50
                0x0000000010008148        0x4 CMakeFiles/usb2serial.dir/home/ceco/pico/pico-sdk/src/rp2_common/pico_standard_link/binary_info.c.obj
 .binary_info.keep.__bi_ptr56
                0x000000001000814c        0x4 CMakeFiles/usb2serial.dir/home/ceco/pico/pico-sdk/src/rp2_common/pico_standard_link/binary_info.c.obj
 .binary_info.keep.__bi_ptr75
                0x0000000010008150        0x4 CMakeFiles/usb2serial.dir/home/ceco/pico/pico-sdk/src/rp2_common/pico_standard_link/binary_info.c.obj
 .binary_info.keep.__bi_ptr81
                0x0000000010008154        0x4 CMakeFiles/usb2serial.dir/home/ceco/pico/pico-sdk/src/rp2_common/pico_standard_link/binary_info.c.obj
 .binary_info.keep.__bi_ptr142
                0x0000000010008158        0x4 CMakeFiles/usb2serial.dir/home/ceco/pico/pico-sdk/lib/tinyusb/hw/bsp/rp2040/family.c.obj
 .binary_info.keep.__bi_ptr152
                0x000000001000815c        0x4 CMakeFiles/usb2serial.dir/home/ceco/pico/pico-sdk/lib/tinyusb/hw/bsp/rp2040/family.c.obj
 *(.binary_info.*)
                0x0000000010008160                __binary_info_end = .

.rel.dyn        0x0000000010008160        0x0
 .rel.iplt      0x0000000010008160        0x0 /usr/lib/gcc/arm-none-eabi/10.3.1/thumb/v6-m/nofp/crtbegin.o
                0x0000000010008160                . = ALIGN (0x4)

.ram_vector_table
                0x0000000020000000       0xc0
 *(.ram_vector_table)
 .ram_vector_table
                0x0000000020000000       0xc0 CMakeFiles/usb2serial.dir/home/ceco/pico/pico-sdk/src/rp2_common/pico_runtime/runtime.c.obj
                0x0000000020000000                ram_vector_table

.data           0x00000000200000c0      0x2cc load address 0x0000000010008160
                0x00000000200000c0                __data_start__ = .
 *(vtable)
 *(.time_critical*)
 .time_critical.mutex_try_enter_block_until
                0x00000000200000c0       0x9c CMakeFiles/usb2serial.dir/home/ceco/pico/pico-sdk/src/common/pico_sync/mutex.c.obj
                0x00000000200000c0                mutex_try_enter_block_until
 .time_critical.mutex_enter_timeout_ms
                0x000000002000015c       0x90 CMakeFiles/usb2serial.dir/home/ceco/pico/pico-sdk/src/common/pico_sync/mutex.c.obj
                0x000000002000015c                mutex_enter_timeout_ms
 .time_critical.mutex_exit
                0x00000000200001ec       0x28 CMakeFiles/usb2serial.dir/home/ceco/pico/pico-sdk/src/common/pico_sync/mutex.c.obj
                0x00000000200001ec                mutex_exit
 .time_critical.tinyusb
                0x0000000020000214       0x38 CMakeFiles/usb2serial.dir/home/ceco/pico/pico-sdk/lib/tinyusb/src/host/usbh.c.obj
                0x0000000020000214                hcd_event_handler
 *(.text*)
 .text          0x000000002000024c        0x4 /usr/lib/gcc/arm-none-eabi/10.3.1/thumb/v6-m/nofp/libgcc.a(_dvmd_tls.o)
                0x000000002000024c                __aeabi_ldiv0
                0x000000002000024c                __aeabi_idiv0
 .text.__stub   0x0000000020000250       0x40 linker stubs
                0x0000000020000290                . = ALIGN (0x4)
 *(.rodata*)
                0x0000000020000290                . = ALIGN (0x4)
 *(.data*)
 .data.striped_spin_lock_num
                0x0000000020000290        0x1 CMakeFiles/usb2serial.dir/home/ceco/pico/pico-sdk/src/rp2_common/hardware_sync/sync.c.obj
 *fill*         0x0000000020000291        0x3 
 .data          0x0000000020000294       0x48 CMakeFiles/usb2serial.dir/home/ceco/pico/pico-sdk/src/rp2_common/hardware_irq/irq_handler_chain.S.obj
                0x0000000020000294                irq_handler_chain_slots
                0x00000000200002c4                irq_handler_chain_first_slot
                0x00000000200002ce                irq_handler_chain_remove_tail
 .data.default_alarm_pool
                0x00000000200002dc       0x18 CMakeFiles/usb2serial.dir/home/ceco/pico/pico-sdk/src/common/pico_time/time.c.obj
 .data.default_alarm_pool_heap
                0x00000000200002f4       0x10 CMakeFiles/usb2serial.dir/home/ceco/pico/pico-sdk/src/common/pico_time/time.c.obj
 *fill*         0x0000000020000304        0xc 
 .data.aeabi_bits_funcs
                0x0000000020000310       0x10 CMakeFiles/usb2serial.dir/home/ceco/pico/pico-sdk/src/rp2_common/pico_bit_ops/bit_ops_aeabi.S.obj
                0x0000000020000310                aeabi_bits_funcs
                0x0000000020000320                aeabi_bits_funcs_end
 .data.aeabi_mem_funcs
                0x0000000020000320       0x10 CMakeFiles/usb2serial.dir/home/ceco/pico/pico-sdk/src/rp2_common/pico_mem_ops/mem_ops_aeabi.S.obj
                0x0000000020000320                aeabi_mem_funcs
                0x0000000020000330                aeabi_mem_funcs_end
 .data.stdio_uart
                0x0000000020000330       0x18 CMakeFiles/usb2serial.dir/home/ceco/pico/pico-sdk/src/rp2_common/pico_stdio_uart/stdio_uart.c.obj
                0x0000000020000330                stdio_uart
 .data.ep_dir_string
                0x0000000020000348        0x8 CMakeFiles/usb2serial.dir/home/ceco/pico/pico-sdk/lib/tinyusb/src/portable/raspberrypi/rp2040/rp2040_usb.c.obj
                0x0000000020000348                ep_dir_string
 .data._usbh_controller
                0x0000000020000350        0x1 CMakeFiles/usb2serial.dir/home/ceco/pico/pico-sdk/lib/tinyusb/src/host/usbh.c.obj
 *fill*         0x0000000020000351        0x3 
 .data._usbh_qdef
                0x0000000020000354       0x1c CMakeFiles/usb2serial.dir/home/ceco/pico/pico-sdk/lib/tinyusb/src/host/usbh.c.obj
                0x0000000020000354                _usbh_qdef
                0x0000000020000370                . = ALIGN (0x4)
 *(.after_data.*)
                0x0000000020000370                . = ALIGN (0x4)
                0x0000000020000370                PROVIDE (__mutex_array_start = .)
 *(SORT_BY_NAME(.mutex_array.*))
 *(.mutex_array)
 .mutex_array   0x0000000020000370        0x8 CMakeFiles/usb2serial.dir/home/ceco/pico/pico-sdk/src/rp2_common/pico_stdio/stdio.c.obj
                0x0000000020000378                PROVIDE (__mutex_array_end = .)
                0x0000000020000378                . = ALIGN (0x4)
                0x0000000020000378                PROVIDE (__preinit_array_start = .)
 *(SORT_BY_NAME(.preinit_array.*))
 .preinit_array.00001
                0x0000000020000378        0x4 CMakeFiles/usb2serial.dir/home/ceco/pico/pico-sdk/src/rp2_common/pico_mem_ops/mem_ops_aeabi.S.obj
 .preinit_array.00010
                0x000000002000037c        0x4 CMakeFiles/usb2serial.dir/home/ceco/pico/pico-sdk/src/rp2_common/pico_bit_ops/bit_ops_aeabi.S.obj
 .preinit_array.00020
                0x0000000020000380        0x4 CMakeFiles/usb2serial.dir/home/ceco/pico/pico-sdk/src/rp2_common/pico_double/double_aeabi.S.obj
 .preinit_array.00020
                0x0000000020000384        0x4 CMakeFiles/usb2serial.dir/home/ceco/pico/pico-sdk/src/rp2_common/pico_float/float_aeabi.S.obj
 *(.preinit_array)
                0x0000000020000388                PROVIDE (__preinit_array_end = .)
                0x0000000020000388                . = ALIGN (0x4)
                0x0000000020000388                PROVIDE (__init_array_start = .)
 *(SORT_BY_NAME(.init_array.*))
 *(.init_array)
 .init_array    0x0000000020000388        0x4 /usr/lib/gcc/arm-none-eabi/10.3.1/thumb/v6-m/nofp/crtbegin.o
                0x000000002000038c                PROVIDE (__init_array_end = .)
                0x000000002000038c                . = ALIGN (0x4)
                0x000000002000038c                PROVIDE (__fini_array_start = .)
 *(SORT_BY_NAME(.fini_array.*))
 *(.fini_array)
                0x000000002000038c                PROVIDE (__fini_array_end = .)
 *(.jcr)
                0x000000002000038c                . = ALIGN (0x4)
                0x000000002000038c                __data_end__ = .
                0x0000000010008160                __etext = LOADADDR (.data)

.tm_clone_table
                0x000000002000038c        0x0 load address 0x000000001000842c
 .tm_clone_table
                0x000000002000038c        0x0 /usr/lib/gcc/arm-none-eabi/10.3.1/thumb/v6-m/nofp/crtbegin.o
 .tm_clone_table
                0x000000002000038c        0x0 /usr/lib/gcc/arm-none-eabi/10.3.1/thumb/v6-m/nofp/crtend.o

.igot.plt       0x000000002000038c        0x0 load address 0x000000001000842c
 .igot.plt      0x000000002000038c        0x0 /usr/lib/gcc/arm-none-eabi/10.3.1/thumb/v6-m/nofp/crtbegin.o

.uninitialized_data
                0x000000002000038c        0x0 load address 0x000000001000842c
                0x000000002000038c                . = ALIGN (0x4)
 *(.uninitialized_data*)

.scratch_x      0x0000000020040000        0x0 load address 0x000000001000842c
                0x0000000020040000                __scratch_x_start__ = .
 *(.scratch_x.*)
                0x0000000020040000                . = ALIGN (0x4)
                0x0000000020040000                __scratch_x_end__ = .
                0x000000001000842c                __scratch_x_source__ = LOADADDR (.scratch_x)

.scratch_y      0x0000000020041000        0x0 load address 0x000000001000842c
                0x0000000020041000                __scratch_y_start__ = .
 *(.scratch_y.*)
                0x0000000020041000                . = ALIGN (0x4)
                0x0000000020041000                __scratch_y_end__ = .
                0x000000001000842c                __scratch_y_source__ = LOADADDR (.scratch_y)

.bss            0x0000000020000390     0x11dc
                0x0000000020000390                . = ALIGN (0x4)
                0x0000000020000390                __bss_start__ = .
 *(SORT_BY_ALIGNMENT(SORT_BY_NAME(.bss*)))
 .bss.default_alarm_pool_entries
                0x0000000020000390      0x100 CMakeFiles/usb2serial.dir/home/ceco/pico/pico-sdk/src/common/pico_time/time.c.obj
 .bss.sd_table  0x0000000020000490      0x100 CMakeFiles/usb2serial.dir/home/ceco/pico/pico-sdk/src/rp2_common/pico_double/double_init_rom.c.obj
                0x0000000020000490                sd_table
 .bss.sf_table  0x0000000020000590      0x100 CMakeFiles/usb2serial.dir/home/ceco/pico/pico-sdk/src/rp2_common/pico_float/float_init_rom.c.obj
                0x0000000020000590                sf_table
 .bss           0x0000000020000690       0x1c /usr/lib/gcc/arm-none-eabi/10.3.1/thumb/v6-m/nofp/crtbegin.o
 .bss._ctrl_xfer
                0x00000000200006ac       0x18 CMakeFiles/usb2serial.dir/home/ceco/pico/pico-sdk/lib/tinyusb/src/host/usbh.c.obj
                0x00000000200006ac                _ctrl_xfer
 .bss._dev0     0x00000000200006c4        0x5 CMakeFiles/usb2serial.dir/home/ceco/pico/pico-sdk/lib/tinyusb/src/host/usbh.c.obj
 *fill*         0x00000000200006c9        0x3 
 .bss._hidh_dev
                0x00000000200006cc      0x8c8 CMakeFiles/usb2serial.dir/home/ceco/pico/pico-sdk/lib/tinyusb/src/class/hid/hid_host.c.obj
 .bss._hub_buffer
                0x0000000020000f94        0x9 CMakeFiles/usb2serial.dir/home/ceco/pico/pico-sdk/lib/tinyusb/src/host/hub.c.obj
 *fill*         0x0000000020000f9d        0x3 
 .bss._usbh_ctrl_buf
                0x0000000020000fa0      0x100 CMakeFiles/usb2serial.dir/home/ceco/pico/pico-sdk/lib/tinyusb/src/host/usbh.c.obj
 .bss._usbh_devices
                0x00000000200010a0      0x122 CMakeFiles/usb2serial.dir/home/ceco/pico/pico-sdk/lib/tinyusb/src/host/usbh.c.obj
                0x00000000200010a0                _usbh_devices
 *fill*         0x00000000200011c2        0x2 
 .bss._usbh_mutex
                0x00000000200011c4        0x4 CMakeFiles/usb2serial.dir/home/ceco/pico/pico-sdk/lib/tinyusb/src/host/usbh.c.obj
 .bss._usbh_mutexdef
                0x00000000200011c8        0x8 CMakeFiles/usb2serial.dir/home/ceco/pico/pico-sdk/lib/tinyusb/src/host/usbh.c.obj
 .bss._usbh_q   0x00000000200011d0        0x4 CMakeFiles/usb2serial.dir/home/ceco/pico/pico-sdk/lib/tinyusb/src/host/usbh.c.obj
 .bss._usbh_qdef_buf
                0x00000000200011d4       0xc0 CMakeFiles/usb2serial.dir/home/ceco/pico/pico-sdk/lib/tinyusb/src/host/usbh.c.obj
                0x00000000200011d4                _usbh_qdef_buf
 .bss.alarm_callbacks
                0x0000000020001294       0x10 CMakeFiles/usb2serial.dir/home/ceco/pico/pico-sdk/src/rp2_common/hardware_timer/timer.c.obj
 .bss.chars_available_callback
                0x00000000200012a4        0x4 CMakeFiles/usb2serial.dir/home/ceco/pico/pico-sdk/src/rp2_common/pico_stdio_uart/stdio_uart.c.obj
 .bss.chars_available_param
                0x00000000200012a8        0x4 CMakeFiles/usb2serial.dir/home/ceco/pico/pico-sdk/src/rp2_common/pico_stdio_uart/stdio_uart.c.obj
 .bss.claimed   0x00000000200012ac        0x4 CMakeFiles/usb2serial.dir/home/ceco/pico/pico-sdk/src/rp2_common/hardware_sync/sync.c.obj
 .bss.configured_freq
                0x00000000200012b0       0x28 CMakeFiles/usb2serial.dir/home/ceco/pico/pico-sdk/src/rp2_common/hardware_clocks/clocks.c.obj
 .bss.default_alarm_pool_entry_ids_high
                0x00000000200012d8       0x10 CMakeFiles/usb2serial.dir/home/ceco/pico/pico-sdk/src/common/pico_time/time.c.obj
 .bss.default_alarm_pool_heap_nodes
                0x00000000200012e8       0x30 CMakeFiles/usb2serial.dir/home/ceco/pico/pico-sdk/src/common/pico_time/time.c.obj
 .bss.drivers   0x0000000020001318        0x4 CMakeFiles/usb2serial.dir/home/ceco/pico/pico-sdk/src/rp2_common/pico_stdio/stdio.c.obj
 .bss.ep_pool   0x000000002000131c      0x200 CMakeFiles/usb2serial.dir/home/ceco/pico/pico-sdk/lib/tinyusb/src/portable/raspberrypi/rp2040/hcd_rp2040.c.obj
 .bss.filter    0x000000002000151c        0x4 CMakeFiles/usb2serial.dir/home/ceco/pico/pico-sdk/src/rp2_common/pico_stdio/stdio.c.obj
 .bss.hub_data  0x0000000020001520        0xc CMakeFiles/usb2serial.dir/home/ceco/pico/pico-sdk/lib/tinyusb/src/host/hub.c.obj
 .bss.lazy_vsnprintf
                0x000000002000152c        0x4 CMakeFiles/usb2serial.dir/home/ceco/pico/pico-sdk/src/rp2_common/pico_printf/printf.c.obj
 .bss.pools     0x0000000020001530       0x10 CMakeFiles/usb2serial.dir/home/ceco/pico/pico-sdk/src/common/pico_time/time.c.obj
 .bss.sf_clz_func
                0x0000000020001540        0x4 CMakeFiles/usb2serial.dir/home/ceco/pico/pico-sdk/src/rp2_common/pico_double/double_init_rom.c.obj
                0x0000000020001540                sf_clz_func
 .bss.sleep_notifier
                0x0000000020001544        0x4 CMakeFiles/usb2serial.dir/home/ceco/pico/pico-sdk/src/common/pico_time/time.c.obj
 .bss.target_hi
                0x0000000020001548       0x10 CMakeFiles/usb2serial.dir/home/ceco/pico/pico-sdk/src/rp2_common/hardware_timer/timer.c.obj
 .bss.uart_char_to_line_feed
                0x0000000020001558        0x4 CMakeFiles/usb2serial.dir/home/ceco/pico/pico-sdk/src/rp2_common/hardware_uart/uart.c.obj
                0x0000000020001558                uart_char_to_line_feed
 .bss.uart_inst
                0x000000002000155c        0x4 CMakeFiles/usb2serial.dir/home/ceco/pico/pico-sdk/lib/tinyusb/hw/bsp/rp2040/family.c.obj
 .bss.uart_instance
                0x0000000020001560        0x4 CMakeFiles/usb2serial.dir/home/ceco/pico/pico-sdk/src/rp2_common/pico_stdio_uart/stdio_uart.c.obj
 .bss.claimed   0x0000000020001564        0x1 CMakeFiles/usb2serial.dir/home/ceco/pico/pico-sdk/src/rp2_common/hardware_timer/timer.c.obj
 .bss.failed_count.0
                0x0000000020001565        0x1 CMakeFiles/usb2serial.dir/home/ceco/pico/pico-sdk/lib/tinyusb/src/host/usbh.c.obj
 .bss.irq_hander_chain_free_slot_head
                0x0000000020001566        0x1 CMakeFiles/usb2serial.dir/home/ceco/pico/pico-sdk/src/rp2_common/hardware_irq/irq.c.obj
 .bss.kbd_addr  0x0000000020001567        0x1 CMakeFiles/usb2serial.dir/usb2serial.c.obj
                0x0000000020001567                kbd_addr
 .bss.kbd_inst  0x0000000020001568        0x1 CMakeFiles/usb2serial.dir/usb2serial.c.obj
                0x0000000020001568                kbd_inst
 .bss.timer_callbacks_pending
                0x0000000020001569        0x1 CMakeFiles/usb2serial.dir/home/ceco/pico/pico-sdk/src/rp2_common/hardware_timer/timer.c.obj
 *(COMMON)
                0x000000002000156c                . = ALIGN (0x4)
 *fill*         0x000000002000156a        0x2 
                0x000000002000156c                __bss_end__ = .

.heap           0x000000002000156c      0x800
                0x000000002000156c                __end__ = .
                0x000000002000156c                end = __end__
 *(.heap*)
 .heap          0x000000002000156c      0x800 CMakeFiles/usb2serial.dir/home/ceco/pico/pico-sdk/src/rp2_common/pico_standard_link/crt0.S.obj
                0x0000000020001d6c                __HeapLimit = .

.stack1_dummy   0x0000000020040000        0x0
 *(.stack1*)

.stack_dummy    0x0000000020041000      0x800
 *(.stack*)
 .stack         0x0000000020041000      0x800 CMakeFiles/usb2serial.dir/home/ceco/pico/pico-sdk/src/rp2_common/pico_standard_link/crt0.S.obj

.flash_end      0x000000001000842c        0x0
                0x000000001000842c                PROVIDE (__flash_binary_end = .)
                0x0000000020040000                __StackLimit = (ORIGIN (RAM) + LENGTH (RAM))
                0x0000000020041000                __StackOneTop = (ORIGIN (SCRATCH_X) + LENGTH (SCRATCH_X))
                0x0000000020042000                __StackTop = (ORIGIN (SCRATCH_Y) + LENGTH (SCRATCH_Y))
                0x0000000020041000                __StackOneBottom = (__StackOneTop - SIZEOF (.stack1_dummy))
                0x0000000020041800                __StackBottom = (__StackTop - SIZEOF (.stack_dummy))
                0x0000000020042000                PROVIDE (__stack = __StackTop)
                0x0000000000000001                ASSERT ((__StackLimit >= __HeapLimit), region RAM overflowed)
                0x0000000000000001                ASSERT (((__binary_info_header_end - __logical_binary_start) <= 0x100), Binary info must be in first 256 bytes of the binary)
LOAD CMakeFiles/usb2serial.dir/usb2serial.c.obj
LOAD CMakeFiles/usb2serial.dir/home/ceco/pico/pico-sdk/src/rp2_common/pico_stdlib/stdlib.c.obj
LOAD CMakeFiles/usb2serial.dir/home/ceco/pico/pico-sdk/src/rp2_common/hardware_gpio/gpio.c.obj
LOAD CMakeFiles/usb2serial.dir/home/ceco/pico/pico-sdk/src/rp2_common/pico_platform/platform.c.obj
LOAD CMakeFiles/usb2serial.dir/home/ceco/pico/pico-sdk/src/rp2_common/hardware_claim/claim.c.obj
LOAD CMakeFiles/usb2serial.dir/home/ceco/pico/pico-sdk/src/rp2_common/hardware_sync/sync.c.obj
LOAD CMakeFiles/usb2serial.dir/home/ceco/pico/pico-sdk/src/rp2_common/hardware_irq/irq.c.obj
LOAD CMakeFiles/usb2serial.dir/home/ceco/pico/pico-sdk/src/rp2_common/hardware_irq/irq_handler_chain.S.obj
LOAD CMakeFiles/usb2serial.dir/home/ceco/pico/pico-sdk/src/common/pico_sync/sem.c.obj
LOAD CMakeFiles/usb2serial.dir/home/ceco/pico/pico-sdk/src/common/pico_sync/lock_core.c.obj
LOAD CMakeFiles/usb2serial.dir/home/ceco/pico/pico-sdk/src/common/pico_sync/mutex.c.obj
LOAD CMakeFiles/usb2serial.dir/home/ceco/pico/pico-sdk/src/common/pico_sync/critical_section.c.obj
LOAD CMakeFiles/usb2serial.dir/home/ceco/pico/pico-sdk/src/common/pico_time/time.c.obj
LOAD CMakeFiles/usb2serial.dir/home/ceco/pico/pico-sdk/src/common/pico_time/timeout_helper.c.obj
LOAD CMakeFiles/usb2serial.dir/home/ceco/pico/pico-sdk/src/rp2_common/hardware_timer/timer.c.obj
LOAD CMakeFiles/usb2serial.dir/home/ceco/pico/pico-sdk/src/common/pico_util/datetime.c.obj
LOAD CMakeFiles/usb2serial.dir/home/ceco/pico/pico-sdk/src/common/pico_util/pheap.c.obj
LOAD CMakeFiles/usb2serial.dir/home/ceco/pico/pico-sdk/src/common/pico_util/queue.c.obj
LOAD CMakeFiles/usb2serial.dir/home/ceco/pico/pico-sdk/src/rp2_common/hardware_uart/uart.c.obj
LOAD CMakeFiles/usb2serial.dir/home/ceco/pico/pico-sdk/src/rp2_common/hardware_clocks/clocks.c.obj
LOAD CMakeFiles/usb2serial.dir/home/ceco/pico/pico-sdk/src/rp2_common/hardware_pll/pll.c.obj
LOAD CMakeFiles/usb2serial.dir/home/ceco/pico/pico-sdk/src/rp2_common/hardware_vreg/vreg.c.obj
LOAD CMakeFiles/usb2serial.dir/home/ceco/pico/pico-sdk/src/rp2_common/hardware_watchdog/watchdog.c.obj
LOAD CMakeFiles/usb2serial.dir/home/ceco/pico/pico-sdk/src/rp2_common/hardware_xosc/xosc.c.obj
LOAD CMakeFiles/usb2serial.dir/home/ceco/pico/pico-sdk/src/rp2_common/hardware_divider/divider.S.obj
LOAD CMakeFiles/usb2serial.dir/home/ceco/pico/pico-sdk/src/rp2_common/pico_runtime/runtime.c.obj
LOAD CMakeFiles/usb2serial.dir/home/ceco/pico/pico-sdk/src/rp2_common/pico_printf/printf.c.obj
LOAD CMakeFiles/usb2serial.dir/home/ceco/pico/pico-sdk/src/rp2_common/pico_bit_ops/bit_ops_aeabi.S.obj
LOAD CMakeFiles/usb2serial.dir/home/ceco/pico/pico-sdk/src/rp2_common/pico_bootrom/bootrom.c.obj
LOAD CMakeFiles/usb2serial.dir/home/ceco/pico/pico-sdk/src/rp2_common/pico_divider/divider.S.obj
LOAD CMakeFiles/usb2serial.dir/home/ceco/pico/pico-sdk/src/rp2_common/pico_double/double_aeabi.S.obj
LOAD CMakeFiles/usb2serial.dir/home/ceco/pico/pico-sdk/src/rp2_common/pico_double/double_init_rom.c.obj
LOAD CMakeFiles/usb2serial.dir/home/ceco/pico/pico-sdk/src/rp2_common/pico_double/double_math.c.obj
LOAD CMakeFiles/usb2serial.dir/home/ceco/pico/pico-sdk/src/rp2_common/pico_double/double_v1_rom_shim.S.obj
LOAD CMakeFiles/usb2serial.dir/home/ceco/pico/pico-sdk/src/rp2_common/pico_int64_ops/pico_int64_ops_aeabi.S.obj
LOAD CMakeFiles/usb2serial.dir/home/ceco/pico/pico-sdk/src/rp2_common/pico_float/float_aeabi.S.obj
LOAD CMakeFiles/usb2serial.dir/home/ceco/pico/pico-sdk/src/rp2_common/pico_float/float_init_rom.c.obj
LOAD CMakeFiles/usb2serial.dir/home/ceco/pico/pico-sdk/src/rp2_common/pico_float/float_math.c.obj
LOAD CMakeFiles/usb2serial.dir/home/ceco/pico/pico-sdk/src/rp2_common/pico_float/float_v1_rom_shim.S.obj
LOAD CMakeFiles/usb2serial.dir/home/ceco/pico/pico-sdk/src/rp2_common/pico_malloc/pico_malloc.c.obj
LOAD CMakeFiles/usb2serial.dir/home/ceco/pico/pico-sdk/src/rp2_common/pico_mem_ops/mem_ops_aeabi.S.obj
LOAD CMakeFiles/usb2serial.dir/home/ceco/pico/pico-sdk/src/rp2_common/pico_standard_link/crt0.S.obj
LOAD CMakeFiles/usb2serial.dir/home/ceco/pico/pico-sdk/src/rp2_common/pico_standard_link/new_delete.cpp.obj
LOAD CMakeFiles/usb2serial.dir/home/ceco/pico/pico-sdk/src/rp2_common/pico_standard_link/binary_info.c.obj
LOAD CMakeFiles/usb2serial.dir/home/ceco/pico/pico-sdk/src/rp2_common/pico_stdio/stdio.c.obj
LOAD CMakeFiles/usb2serial.dir/home/ceco/pico/pico-sdk/src/rp2_common/pico_stdio_uart/stdio_uart.c.obj
LOAD CMakeFiles/usb2serial.dir/home/ceco/pico/pico-sdk/lib/tinyusb/src/portable/raspberrypi/rp2040/hcd_rp2040.c.obj
LOAD CMakeFiles/usb2serial.dir/home/ceco/pico/pico-sdk/lib/tinyusb/src/portable/raspberrypi/rp2040/rp2040_usb.c.obj
LOAD CMakeFiles/usb2serial.dir/home/ceco/pico/pico-sdk/lib/tinyusb/src/host/usbh.c.obj
LOAD CMakeFiles/usb2serial.dir/home/ceco/pico/pico-sdk/lib/tinyusb/src/host/hub.c.obj
LOAD CMakeFiles/usb2serial.dir/home/ceco/pico/pico-sdk/lib/tinyusb/src/class/cdc/cdc_host.c.obj
LOAD CMakeFiles/usb2serial.dir/home/ceco/pico/pico-sdk/lib/tinyusb/src/class/hid/hid_host.c.obj
LOAD CMakeFiles/usb2serial.dir/home/ceco/pico/pico-sdk/lib/tinyusb/src/class/msc/msc_host.c.obj
LOAD CMakeFiles/usb2serial.dir/home/ceco/pico/pico-sdk/lib/tinyusb/src/class/vendor/vendor_host.c.obj
LOAD CMakeFiles/usb2serial.dir/home/ceco/pico/pico-sdk/lib/tinyusb/src/tusb.c.obj
LOAD CMakeFiles/usb2serial.dir/home/ceco/pico/pico-sdk/lib/tinyusb/src/common/tusb_fifo.c.obj
LOAD CMakeFiles/usb2serial.dir/home/ceco/pico/pico-sdk/lib/tinyusb/hw/bsp/rp2040/family.c.obj
LOAD /tmp/ccVgD5VE.o
LOAD /usr/lib/gcc/arm-none-eabi/10.3.1/../../../arm-none-eabi/lib/thumb/v6-m/nofp/libstdc++.a
LOAD /usr/lib/gcc/arm-none-eabi/10.3.1/../../../arm-none-eabi/lib/thumb/v6-m/nofp/libm.a
START GROUP
LOAD /usr/lib/gcc/arm-none-eabi/10.3.1/thumb/v6-m/nofp/libgcc.a
LOAD /usr/lib/gcc/arm-none-eabi/10.3.1/../../../arm-none-eabi/lib/thumb/v6-m/nofp/libc.a
END GROUP
START GROUP
LOAD /usr/lib/gcc/arm-none-eabi/10.3.1/thumb/v6-m/nofp/libgcc.a
LOAD /usr/lib/gcc/arm-none-eabi/10.3.1/../../../arm-none-eabi/lib/thumb/v6-m/nofp/libc.a
LOAD /usr/lib/gcc/arm-none-eabi/10.3.1/../../../arm-none-eabi/lib/thumb/v6-m/nofp/libnosys.a
END GROUP
LOAD /usr/lib/gcc/arm-none-eabi/10.3.1/thumb/v6-m/nofp/crtend.o
LOAD /usr/lib/gcc/arm-none-eabi/10.3.1/thumb/v6-m/nofp/crtn.o
OUTPUT(usb2serial.elf elf32-littlearm)
LOAD linker stubs

.ARM.attributes
                0x0000000000000000       0x28
 .ARM.attributes
                0x0000000000000000       0x1e /usr/lib/gcc/arm-none-eabi/10.3.1/thumb/v6-m/nofp/crti.o
 .ARM.attributes
                0x000000000000001e       0x2c /usr/lib/gcc/arm-none-eabi/10.3.1/thumb/v6-m/nofp/crtbegin.o
 .ARM.attributes
                0x000000000000004a       0x2c CMakeFiles/usb2serial.dir/usb2serial.c.obj
 .ARM.attributes
                0x0000000000000076       0x2c CMakeFiles/usb2serial.dir/home/ceco/pico/pico-sdk/src/rp2_common/hardware_gpio/gpio.c.obj
 .ARM.attributes
                0x00000000000000a2       0x2c CMakeFiles/usb2serial.dir/home/ceco/pico/pico-sdk/src/rp2_common/pico_platform/platform.c.obj
 .ARM.attributes
                0x00000000000000ce       0x2c CMakeFiles/usb2serial.dir/home/ceco/pico/pico-sdk/src/rp2_common/hardware_claim/claim.c.obj
 .ARM.attributes
                0x00000000000000fa       0x2c CMakeFiles/usb2serial.dir/home/ceco/pico/pico-sdk/src/rp2_common/hardware_sync/sync.c.obj
 .ARM.attributes
                0x0000000000000126       0x2c CMakeFiles/usb2serial.dir/home/ceco/pico/pico-sdk/src/rp2_common/hardware_irq/irq.c.obj
 .ARM.attributes
                0x0000000000000152       0x22 CMakeFiles/usb2serial.dir/home/ceco/pico/pico-sdk/src/rp2_common/hardware_irq/irq_handler_chain.S.obj
 .ARM.attributes
                0x0000000000000174       0x2c CMakeFiles/usb2serial.dir/home/ceco/pico/pico-sdk/src/common/pico_sync/lock_core.c.obj
 .ARM.attributes
                0x00000000000001a0       0x2c CMakeFiles/usb2serial.dir/home/ceco/pico/pico-sdk/src/common/pico_sync/mutex.c.obj
 .ARM.attributes
                0x00000000000001cc       0x2c CMakeFiles/usb2serial.dir/home/ceco/pico/pico-sdk/src/common/pico_sync/critical_section.c.obj
 .ARM.attributes
                0x00000000000001f8       0x2c CMakeFiles/usb2serial.dir/home/ceco/pico/pico-sdk/src/common/pico_time/time.c.obj
 .ARM.attributes
                0x0000000000000224       0x2c CMakeFiles/usb2serial.dir/home/ceco/pico/pico-sdk/src/rp2_common/hardware_timer/timer.c.obj
 .ARM.attributes
                0x0000000000000250       0x2c CMakeFiles/usb2serial.dir/home/ceco/pico/pico-sdk/src/common/pico_util/pheap.c.obj
 .ARM.attributes
                0x000000000000027c       0x2c CMakeFiles/usb2serial.dir/home/ceco/pico/pico-sdk/src/rp2_common/hardware_uart/uart.c.obj
 .ARM.attributes
                0x00000000000002a8       0x2c CMakeFiles/usb2serial.dir/home/ceco/pico/pico-sdk/src/rp2_common/hardware_clocks/clocks.c.obj
 .ARM.attributes
                0x00000000000002d4       0x2c CMakeFiles/usb2serial.dir/home/ceco/pico/pico-sdk/src/rp2_common/hardware_pll/pll.c.obj
 .ARM.attributes
                0x0000000000000300       0x2c CMakeFiles/usb2serial.dir/home/ceco/pico/pico-sdk/src/rp2_common/hardware_watchdog/watchdog.c.obj
 .ARM.attributes
                0x000000000000032c       0x2c CMakeFiles/usb2serial.dir/home/ceco/pico/pico-sdk/src/rp2_common/hardware_xosc/xosc.c.obj
 .ARM.attributes
                0x0000000000000358       0x2c CMakeFiles/usb2serial.dir/home/ceco/pico/pico-sdk/src/rp2_common/pico_runtime/runtime.c.obj
 .ARM.attributes
                0x0000000000000384       0x2c CMakeFiles/usb2serial.dir/home/ceco/pico/pico-sdk/src/rp2_common/pico_printf/printf.c.obj
 .ARM.attributes
                0x00000000000003b0       0x22 CMakeFiles/usb2serial.dir/home/ceco/pico/pico-sdk/src/rp2_common/pico_bit_ops/bit_ops_aeabi.S.obj
 .ARM.attributes
                0x00000000000003d2       0x2c CMakeFiles/usb2serial.dir/home/ceco/pico/pico-sdk/src/rp2_common/pico_bootrom/bootrom.c.obj
 .ARM.attributes
                0x00000000000003fe       0x22 CMakeFiles/usb2serial.dir/home/ceco/pico/pico-sdk/src/rp2_common/pico_divider/divider.S.obj
 .ARM.attributes
                0x0000000000000420       0x22 CMakeFiles/usb2serial.dir/home/ceco/pico/pico-sdk/src/rp2_common/pico_double/double_aeabi.S.obj
 .ARM.attributes
                0x0000000000000442       0x2c CMakeFiles/usb2serial.dir/home/ceco/pico/pico-sdk/src/rp2_common/pico_double/double_init_rom.c.obj
 .ARM.attributes
                0x000000000000046e       0x22 CMakeFiles/usb2serial.dir/home/ceco/pico/pico-sdk/src/rp2_common/pico_double/double_v1_rom_shim.S.obj
 .ARM.attributes
                0x0000000000000490       0x22 CMakeFiles/usb2serial.dir/home/ceco/pico/pico-sdk/src/rp2_common/pico_int64_ops/pico_int64_ops_aeabi.S.obj
 .ARM.attributes
                0x00000000000004b2       0x22 CMakeFiles/usb2serial.dir/home/ceco/pico/pico-sdk/src/rp2_common/pico_float/float_aeabi.S.obj
 .ARM.attributes
                0x00000000000004d4       0x2c CMakeFiles/usb2serial.dir/home/ceco/pico/pico-sdk/src/rp2_common/pico_float/float_init_rom.c.obj
 .ARM.attributes
                0x0000000000000500       0x22 CMakeFiles/usb2serial.dir/home/ceco/pico/pico-sdk/src/rp2_common/pico_float/float_v1_rom_shim.S.obj
 .ARM.attributes
                0x0000000000000522       0x22 CMakeFiles/usb2serial.dir/home/ceco/pico/pico-sdk/src/rp2_common/pico_mem_ops/mem_ops_aeabi.S.obj
 .ARM.attributes
                0x0000000000000544       0x22 CMakeFiles/usb2serial.dir/home/ceco/pico/pico-sdk/src/rp2_common/pico_standard_link/crt0.S.obj
 .ARM.attributes
                0x0000000000000566       0x32 CMakeFiles/usb2serial.dir/home/ceco/pico/pico-sdk/src/rp2_common/pico_standard_link/binary_info.c.obj
 .ARM.attributes
                0x0000000000000598       0x2c CMakeFiles/usb2serial.dir/home/ceco/pico/pico-sdk/src/rp2_common/pico_stdio/stdio.c.obj
 .ARM.attributes
                0x00000000000005c4       0x2c CMakeFiles/usb2serial.dir/home/ceco/pico/pico-sdk/src/rp2_common/pico_stdio_uart/stdio_uart.c.obj
 .ARM.attributes
                0x00000000000005f0       0x2c CMakeFiles/usb2serial.dir/home/ceco/pico/pico-sdk/lib/tinyusb/src/portable/raspberrypi/rp2040/hcd_rp2040.c.obj
 .ARM.attributes
                0x000000000000061c       0x2c CMakeFiles/usb2serial.dir/home/ceco/pico/pico-sdk/lib/tinyusb/src/portable/raspberrypi/rp2040/rp2040_usb.c.obj
 .ARM.attributes
                0x0000000000000648       0x2c CMakeFiles/usb2serial.dir/home/ceco/pico/pico-sdk/lib/tinyusb/src/host/usbh.c.obj
 .ARM.attributes
                0x0000000000000674       0x2c CMakeFiles/usb2serial.dir/home/ceco/pico/pico-sdk/lib/tinyusb/src/host/hub.c.obj
 .ARM.attributes
                0x00000000000006a0       0x2c CMakeFiles/usb2serial.dir/home/ceco/pico/pico-sdk/lib/tinyusb/src/class/hid/hid_host.c.obj
 .ARM.attributes
                0x00000000000006cc       0x2c CMakeFiles/usb2serial.dir/home/ceco/pico/pico-sdk/lib/tinyusb/src/tusb.c.obj
 .ARM.attributes
                0x00000000000006f8       0x2c CMakeFiles/usb2serial.dir/home/ceco/pico/pico-sdk/lib/tinyusb/src/common/tusb_fifo.c.obj
 .ARM.attributes
                0x0000000000000724       0x2c CMakeFiles/usb2serial.dir/home/ceco/pico/pico-sdk/lib/tinyusb/hw/bsp/rp2040/family.c.obj
 .ARM.attributes
                0x0000000000000750       0x22 /tmp/ccVgD5VE.o
 .ARM.attributes
                0x0000000000000772       0x1e /usr/lib/gcc/arm-none-eabi/10.3.1/thumb/v6-m/nofp/libgcc.a(_dvmd_tls.o)
 .ARM.attributes
                0x0000000000000790       0x2c /usr/lib/gcc/arm-none-eabi/10.3.1/../../../arm-none-eabi/lib/thumb/v6-m/nofp/libc.a(lib_a-strlen-stub.o)
 .ARM.attributes
                0x00000000000007bc       0x2c /usr/lib/gcc/arm-none-eabi/10.3.1/thumb/v6-m/nofp/crtend.o

.comment        0x0000000000000000       0x33
 .comment       0x0000000000000000       0x33 /usr/lib/gcc/arm-none-eabi/10.3.1/thumb/v6-m/nofp/crtbegin.o
                                         0x34 (size before relaxing)
 .comment       0x0000000000000033       0x34 CMakeFiles/usb2serial.dir/usb2serial.c.obj
 .comment       0x0000000000000033       0x34 CMakeFiles/usb2serial.dir/home/ceco/pico/pico-sdk/src/rp2_common/hardware_gpio/gpio.c.obj
 .comment       0x0000000000000033       0x34 CMakeFiles/usb2serial.dir/home/ceco/pico/pico-sdk/src/rp2_common/pico_platform/platform.c.obj
 .comment       0x0000000000000033       0x34 CMakeFiles/usb2serial.dir/home/ceco/pico/pico-sdk/src/rp2_common/hardware_claim/claim.c.obj
 .comment       0x0000000000000033       0x34 CMakeFiles/usb2serial.dir/home/ceco/pico/pico-sdk/src/rp2_common/hardware_sync/sync.c.obj
 .comment       0x0000000000000033       0x34 CMakeFiles/usb2serial.dir/home/ceco/pico/pico-sdk/src/rp2_common/hardware_irq/irq.c.obj
 .comment       0x0000000000000033       0x34 CMakeFiles/usb2serial.dir/home/ceco/pico/pico-sdk/src/common/pico_sync/lock_core.c.obj
 .comment       0x0000000000000033       0x34 CMakeFiles/usb2serial.dir/home/ceco/pico/pico-sdk/src/common/pico_sync/mutex.c.obj
 .comment       0x0000000000000033       0x34 CMakeFiles/usb2serial.dir/home/ceco/pico/pico-sdk/src/common/pico_sync/critical_section.c.obj
 .comment       0x0000000000000033       0x34 CMakeFiles/usb2serial.dir/home/ceco/pico/pico-sdk/src/common/pico_time/time.c.obj
 .comment       0x0000000000000033       0x34 CMakeFiles/usb2serial.dir/home/ceco/pico/pico-sdk/src/rp2_common/hardware_timer/timer.c.obj
 .comment       0x0000000000000033       0x34 CMakeFiles/usb2serial.dir/home/ceco/pico/pico-sdk/src/common/pico_util/pheap.c.obj
 .comment       0x0000000000000033       0x34 CMakeFiles/usb2serial.dir/home/ceco/pico/pico-sdk/src/rp2_common/hardware_uart/uart.c.obj
 .comment       0x0000000000000033       0x34 CMakeFiles/usb2serial.dir/home/ceco/pico/pico-sdk/src/rp2_common/hardware_clocks/clocks.c.obj
 .comment       0x0000000000000033       0x34 CMakeFiles/usb2serial.dir/home/ceco/pico/pico-sdk/src/rp2_common/hardware_pll/pll.c.obj
 .comment       0x0000000000000033       0x34 CMakeFiles/usb2serial.dir/home/ceco/pico/pico-sdk/src/rp2_common/hardware_watchdog/watchdog.c.obj
 .comment       0x0000000000000033       0x34 CMakeFiles/usb2serial.dir/home/ceco/pico/pico-sdk/src/rp2_common/hardware_xosc/xosc.c.obj
 .comment       0x0000000000000033       0x34 CMakeFiles/usb2serial.dir/home/ceco/pico/pico-sdk/src/rp2_common/pico_runtime/runtime.c.obj
 .comment       0x0000000000000033       0x34 CMakeFiles/usb2serial.dir/home/ceco/pico/pico-sdk/src/rp2_common/pico_printf/printf.c.obj
 .comment       0x0000000000000033       0x34 CMakeFiles/usb2serial.dir/home/ceco/pico/pico-sdk/src/rp2_common/pico_bootrom/bootrom.c.obj
 .comment       0x0000000000000033       0x34 CMakeFiles/usb2serial.dir/home/ceco/pico/pico-sdk/src/rp2_common/pico_double/double_init_rom.c.obj
 .comment       0x0000000000000033       0x34 CMakeFiles/usb2serial.dir/home/ceco/pico/pico-sdk/src/rp2_common/pico_float/float_init_rom.c.obj
 .comment       0x0000000000000033       0x34 CMakeFiles/usb2serial.dir/home/ceco/pico/pico-sdk/src/rp2_common/pico_standard_link/binary_info.c.obj
 .comment       0x0000000000000033       0x34 CMakeFiles/usb2serial.dir/home/ceco/pico/pico-sdk/src/rp2_common/pico_stdio/stdio.c.obj
 .comment       0x0000000000000033       0x34 CMakeFiles/usb2serial.dir/home/ceco/pico/pico-sdk/src/rp2_common/pico_stdio_uart/stdio_uart.c.obj
 .comment       0x0000000000000033       0x34 CMakeFiles/usb2serial.dir/home/ceco/pico/pico-sdk/lib/tinyusb/src/portable/raspberrypi/rp2040/hcd_rp2040.c.obj
 .comment       0x0000000000000033       0x34 CMakeFiles/usb2serial.dir/home/ceco/pico/pico-sdk/lib/tinyusb/src/portable/raspberrypi/rp2040/rp2040_usb.c.obj
 .comment       0x0000000000000033       0x34 CMakeFiles/usb2serial.dir/home/ceco/pico/pico-sdk/lib/tinyusb/src/host/usbh.c.obj
 .comment       0x0000000000000033       0x34 CMakeFiles/usb2serial.dir/home/ceco/pico/pico-sdk/lib/tinyusb/src/host/hub.c.obj
 .comment       0x0000000000000033       0x34 CMakeFiles/usb2serial.dir/home/ceco/pico/pico-sdk/lib/tinyusb/src/class/hid/hid_host.c.obj
 .comment       0x0000000000000033       0x34 CMakeFiles/usb2serial.dir/home/ceco/pico/pico-sdk/lib/tinyusb/src/tusb.c.obj
 .comment       0x0000000000000033       0x34 CMakeFiles/usb2serial.dir/home/ceco/pico/pico-sdk/lib/tinyusb/src/common/tusb_fifo.c.obj
 .comment       0x0000000000000033       0x34 CMakeFiles/usb2serial.dir/home/ceco/pico/pico-sdk/lib/tinyusb/hw/bsp/rp2040/family.c.obj
 .comment       0x0000000000000033       0x34 /usr/lib/gcc/arm-none-eabi/10.3.1/../../../arm-none-eabi/lib/thumb/v6-m/nofp/libc.a(lib_a-strlen-stub.o)
 .comment       0x0000000000000033       0x34 /usr/lib/gcc/arm-none-eabi/10.3.1/thumb/v6-m/nofp/crtend.o

.debug_line     0x0000000000000000      0x1d2
 .debug_line    0x0000000000000000       0x60 /usr/lib/gcc/arm-none-eabi/10.3.1/thumb/v6-m/nofp/libgcc.a(_dvmd_tls.o)
 .debug_line    0x0000000000000060      0x172 /usr/lib/gcc/arm-none-eabi/10.3.1/../../../arm-none-eabi/lib/thumb/v6-m/nofp/libc.a(lib_a-strlen-stub.o)

.debug_info     0x0000000000000000      0x114
 .debug_info    0x0000000000000000       0x26 /usr/lib/gcc/arm-none-eabi/10.3.1/thumb/v6-m/nofp/libgcc.a(_dvmd_tls.o)
 .debug_info    0x0000000000000026       0xee /usr/lib/gcc/arm-none-eabi/10.3.1/../../../arm-none-eabi/lib/thumb/v6-m/nofp/libc.a(lib_a-strlen-stub.o)

.debug_abbrev   0x0000000000000000       0xa3
 .debug_abbrev  0x0000000000000000       0x14 /usr/lib/gcc/arm-none-eabi/10.3.1/thumb/v6-m/nofp/libgcc.a(_dvmd_tls.o)
 .debug_abbrev  0x0000000000000014       0x8f /usr/lib/gcc/arm-none-eabi/10.3.1/../../../arm-none-eabi/lib/thumb/v6-m/nofp/libc.a(lib_a-strlen-stub.o)

.debug_aranges  0x0000000000000000       0x40
 .debug_aranges
                0x0000000000000000       0x20 /usr/lib/gcc/arm-none-eabi/10.3.1/thumb/v6-m/nofp/libgcc.a(_dvmd_tls.o)
 .debug_aranges
                0x0000000000000020       0x20 /usr/lib/gcc/arm-none-eabi/10.3.1/../../../arm-none-eabi/lib/thumb/v6-m/nofp/libc.a(lib_a-strlen-stub.o)

.debug_str      0x0000000000000000      0x232
 .debug_str     0x0000000000000000       0xa6 /usr/lib/gcc/arm-none-eabi/10.3.1/thumb/v6-m/nofp/libgcc.a(_dvmd_tls.o)
 .debug_str     0x00000000000000a6      0x18c /usr/lib/gcc/arm-none-eabi/10.3.1/../../../arm-none-eabi/lib/thumb/v6-m/nofp/libc.a(lib_a-strlen-stub.o)
                                        0x1c5 (size before relaxing)

.debug_loc      0x0000000000000000       0x90
 .debug_loc     0x0000000000000000       0x90 /usr/lib/gcc/arm-none-eabi/10.3.1/../../../arm-none-eabi/lib/thumb/v6-m/nofp/libc.a(lib_a-strlen-stub.o)

.debug_frame    0x0000000000000000       0x28
 .debug_frame   0x0000000000000000       0x28 /usr/lib/gcc/arm-none-eabi/10.3.1/../../../arm-none-eabi/lib/thumb/v6-m/nofp/libc.a(lib_a-strlen-stub.o)